Archive member included to satisfy reference by file (symbol)

/home/syawxyz/st/stm32cubeide_1.16.0/plugins/com.st.stm32cube.ide.mcu.externaltools.gnu-tools-for-stm32.12.3.rel1.linux64_1.0.200.202406132123/tools/bin/../lib/gcc/arm-none-eabi/12.3.1/../../../../arm-none-eabi/lib/thumb/v7-m/nofp/libc_nano.a(libc_a-exit.o)
                              /home/syawxyz/st/stm32cubeide_1.16.0/plugins/com.st.stm32cube.ide.mcu.externaltools.gnu-tools-for-stm32.12.3.rel1.linux64_1.0.200.202406132123/tools/bin/../lib/gcc/arm-none-eabi/12.3.1/../../../../arm-none-eabi/lib/thumb/v7-m/nofp/crt0.o (exit)
/home/syawxyz/st/stm32cubeide_1.16.0/plugins/com.st.stm32cube.ide.mcu.externaltools.gnu-tools-for-stm32.12.3.rel1.linux64_1.0.200.202406132123/tools/bin/../lib/gcc/arm-none-eabi/12.3.1/../../../../arm-none-eabi/lib/thumb/v7-m/nofp/libc_nano.a(libc_a-malloc.o)
                              ./Core/Src/ws2812.o (malloc)
/home/syawxyz/st/stm32cubeide_1.16.0/plugins/com.st.stm32cube.ide.mcu.externaltools.gnu-tools-for-stm32.12.3.rel1.linux64_1.0.200.202406132123/tools/bin/../lib/gcc/arm-none-eabi/12.3.1/../../../../arm-none-eabi/lib/thumb/v7-m/nofp/libc_nano.a(libc_a-mallocr.o)
                              /home/syawxyz/st/stm32cubeide_1.16.0/plugins/com.st.stm32cube.ide.mcu.externaltools.gnu-tools-for-stm32.12.3.rel1.linux64_1.0.200.202406132123/tools/bin/../lib/gcc/arm-none-eabi/12.3.1/../../../../arm-none-eabi/lib/thumb/v7-m/nofp/libc_nano.a(libc_a-malloc.o) (_malloc_r)
/home/syawxyz/st/stm32cubeide_1.16.0/plugins/com.st.stm32cube.ide.mcu.externaltools.gnu-tools-for-stm32.12.3.rel1.linux64_1.0.200.202406132123/tools/bin/../lib/gcc/arm-none-eabi/12.3.1/../../../../arm-none-eabi/lib/thumb/v7-m/nofp/libc_nano.a(libc_a-mlock.o)
                              /home/syawxyz/st/stm32cubeide_1.16.0/plugins/com.st.stm32cube.ide.mcu.externaltools.gnu-tools-for-stm32.12.3.rel1.linux64_1.0.200.202406132123/tools/bin/../lib/gcc/arm-none-eabi/12.3.1/../../../../arm-none-eabi/lib/thumb/v7-m/nofp/libc_nano.a(libc_a-mallocr.o) (__malloc_lock)
/home/syawxyz/st/stm32cubeide_1.16.0/plugins/com.st.stm32cube.ide.mcu.externaltools.gnu-tools-for-stm32.12.3.rel1.linux64_1.0.200.202406132123/tools/bin/../lib/gcc/arm-none-eabi/12.3.1/../../../../arm-none-eabi/lib/thumb/v7-m/nofp/libc_nano.a(libc_a-findfp.o)
                              /home/syawxyz/st/stm32cubeide_1.16.0/plugins/com.st.stm32cube.ide.mcu.externaltools.gnu-tools-for-stm32.12.3.rel1.linux64_1.0.200.202406132123/tools/bin/../lib/gcc/arm-none-eabi/12.3.1/../../../../arm-none-eabi/lib/thumb/v7-m/nofp/libc_nano.a(libc_a-exit.o) (__stdio_exit_handler)
/home/syawxyz/st/stm32cubeide_1.16.0/plugins/com.st.stm32cube.ide.mcu.externaltools.gnu-tools-for-stm32.12.3.rel1.linux64_1.0.200.202406132123/tools/bin/../lib/gcc/arm-none-eabi/12.3.1/../../../../arm-none-eabi/lib/thumb/v7-m/nofp/libc_nano.a(libc_a-fwalk.o)
                              /home/syawxyz/st/stm32cubeide_1.16.0/plugins/com.st.stm32cube.ide.mcu.externaltools.gnu-tools-for-stm32.12.3.rel1.linux64_1.0.200.202406132123/tools/bin/../lib/gcc/arm-none-eabi/12.3.1/../../../../arm-none-eabi/lib/thumb/v7-m/nofp/libc_nano.a(libc_a-findfp.o) (_fwalk_sglue)
/home/syawxyz/st/stm32cubeide_1.16.0/plugins/com.st.stm32cube.ide.mcu.externaltools.gnu-tools-for-stm32.12.3.rel1.linux64_1.0.200.202406132123/tools/bin/../lib/gcc/arm-none-eabi/12.3.1/../../../../arm-none-eabi/lib/thumb/v7-m/nofp/libc_nano.a(libc_a-stdio.o)
                              /home/syawxyz/st/stm32cubeide_1.16.0/plugins/com.st.stm32cube.ide.mcu.externaltools.gnu-tools-for-stm32.12.3.rel1.linux64_1.0.200.202406132123/tools/bin/../lib/gcc/arm-none-eabi/12.3.1/../../../../arm-none-eabi/lib/thumb/v7-m/nofp/libc_nano.a(libc_a-findfp.o) (__sread)
/home/syawxyz/st/stm32cubeide_1.16.0/plugins/com.st.stm32cube.ide.mcu.externaltools.gnu-tools-for-stm32.12.3.rel1.linux64_1.0.200.202406132123/tools/bin/../lib/gcc/arm-none-eabi/12.3.1/../../../../arm-none-eabi/lib/thumb/v7-m/nofp/libc_nano.a(libc_a-memset.o)
                              /home/syawxyz/st/stm32cubeide_1.16.0/plugins/com.st.stm32cube.ide.mcu.externaltools.gnu-tools-for-stm32.12.3.rel1.linux64_1.0.200.202406132123/tools/bin/../lib/gcc/arm-none-eabi/12.3.1/../../../../arm-none-eabi/lib/thumb/v7-m/nofp/crt0.o (memset)
/home/syawxyz/st/stm32cubeide_1.16.0/plugins/com.st.stm32cube.ide.mcu.externaltools.gnu-tools-for-stm32.12.3.rel1.linux64_1.0.200.202406132123/tools/bin/../lib/gcc/arm-none-eabi/12.3.1/../../../../arm-none-eabi/lib/thumb/v7-m/nofp/libc_nano.a(libc_a-closer.o)
                              /home/syawxyz/st/stm32cubeide_1.16.0/plugins/com.st.stm32cube.ide.mcu.externaltools.gnu-tools-for-stm32.12.3.rel1.linux64_1.0.200.202406132123/tools/bin/../lib/gcc/arm-none-eabi/12.3.1/../../../../arm-none-eabi/lib/thumb/v7-m/nofp/libc_nano.a(libc_a-stdio.o) (_close_r)
[...]
Memory Configuration

Name             Origin             Length             Attributes
RAM              0x20000000         0x00005000         xrw
FLASH            0x08000000         0x00010000         xr
*default*        0x00000000         0xffffffff

Linker script and memory map

LOAD /home/syawxyz/st/stm32cubeide_1.16.0/plugins/com.st.stm32cube.ide.mcu.externaltools.gnu-tools-for-stm32.12.3.rel1.linux64_1.0.200.202406132123/tools/bin/../lib/gcc/arm-none-eabi/12.3.1/thumb/v7-m/nofp/crti.o
LOAD /home/syawxyz/st/stm32cubeide_1.16.0/plugins/com.st.stm32cube.ide.mcu.externaltools.gnu-tools-for-stm32.12.3.rel1.linux64_1.0.200.202406132123/tools/bin/../lib/gcc/arm-none-eabi/12.3.1/thumb/v7-m/nofp/crtbegin.o
LOAD /home/syawxyz/st/stm32cubeide_1.16.0/plugins/com.st.stm32cube.ide.mcu.externaltools.gnu-tools-for-stm32.12.3.rel1.linux64_1.0.200.202406132123/tools/bin/../lib/gcc/arm-none-eabi/12.3.1/../../../../arm-none-eabi/lib/thumb/v7-m/nofp/crt0.o
LOAD ./Core/Src/can.o
LOAD ./Core/Src/can_handle.o
LOAD ./Core/Src/dma.o
LOAD ./Core/Src/docking_pallet.o
LOAD ./Core/Src/gpio.o
LOAD ./Core/Src/main.o
LOAD ./Core/Src/stm32f1xx_hal_msp.o
LOAD ./Core/Src/stm32f1xx_it.o
LOAD ./Core/Src/syscalls.o
LOAD ./Core/Src/sysmem.o
LOAD ./Core/Src/system_stm32f1xx.o
LOAD ./Core/Src/tim.o
LOAD ./Core/Src/usart.o
LOAD ./Core/Src/ws2812.o
LOAD ./Core/Startup/startup_stm32f103c8tx.o
LOAD ./Drivers/STM32F1xx_HAL_Driver/Src/stm32f1xx_hal.o
LOAD ./Drivers/STM32F1xx_HAL_Driver/Src/stm32f1xx_hal_can.o
LOAD ./Drivers/STM32F1xx_HAL_Driver/Src/stm32f1xx_hal_cortex.o
LOAD ./Drivers/STM32F1xx_HAL_Driver/Src/stm32f1xx_hal_dma.o
LOAD ./Drivers/STM32F1xx_HAL_Driver/Src/stm32f1xx_hal_exti.o
LOAD ./Drivers/STM32F1xx_HAL_Driver/Src/stm32f1xx_hal_flash.o
LOAD ./Drivers/STM32F1xx_HAL_Driver/Src/stm32f1xx_hal_flash_ex.o
LOAD ./Drivers/STM32F1xx_HAL_Driver/Src/stm32f1xx_hal_gpio.o
LOAD ./Drivers/STM32F1xx_HAL_Driver/Src/stm32f1xx_hal_gpio_ex.o
LOAD ./Drivers/STM32F1xx_HAL_Driver/Src/stm32f1xx_hal_pwr.o
LOAD ./Drivers/STM32F1xx_HAL_Driver/Src/stm32f1xx_hal_rcc.o
LOAD ./Drivers/STM32F1xx_HAL_Driver/Src/stm32f1xx_hal_rcc_ex.o
LOAD ./Drivers/STM32F1xx_HAL_Driver/Src/stm32f1xx_hal_tim.o
LOAD ./Drivers/STM32F1xx_HAL_Driver/Src/stm32f1xx_hal_tim_ex.o
LOAD ./Drivers/STM32F1xx_HAL_Driver/Src/stm32f1xx_hal_uart.o
START GROUP
LOAD /home/syawxyz/st/stm32cubeide_1.16.0/plugins/com.st.stm32cube.ide.mcu.externaltools.gnu-tools-for-stm32.12.3.rel1.linux64_1.0.200.202406132123/tools/bin/../lib/gcc/arm-none-eabi/12.3.1/../../../../arm-none-eabi/lib/thumb/v7-m/nofp/libc_nano.a
LOAD /home/syawxyz/st/stm32cubeide_1.16.0/plugins/com.st.stm32cube.ide.mcu.externaltools.gnu-tools-for-stm32.12.3.rel1.linux64_1.0.200.202406132123/tools/bin/../lib/gcc/arm-none-eabi/12.3.1/../../../../arm-none-eabi/lib/thumb/v7-m/nofp/libm.a
END GROUP
START GROUP
LOAD /home/syawxyz/st/stm32cubeide_1.16.0/plugins/com.st.stm32cube.ide.mcu.externaltools.gnu-tools-for-stm32.12.3.rel1.linux64_1.0.200.202406132123/tools/bin/../lib/gcc/arm-none-eabi/12.3.1/thumb/v7-m/nofp/libgcc.a
LOAD /home/syawxyz/st/stm32cubeide_1.16.0/plugins/com.st.stm32cube.ide.mcu.externaltools.gnu-tools-for-stm32.12.3.rel1.linux64_1.0.200.202406132123/tools/bin/../lib/gcc/arm-none-eabi/12.3.1/../../../../arm-none-eabi/lib/thumb/v7-m/nofp/libc_nano.a
END GROUP
START GROUP
LOAD /home/syawxyz/st/stm32cubeide_1.16.0/plugins/com.st.stm32cube.ide.mcu.externaltools.gnu-tools-for-stm32.12.3.rel1.linux64_1.0.200.202406132123/tools/bin/../lib/gcc/arm-none-eabi/12.3.1/thumb/v7-m/nofp/libgcc.a
LOAD /home/syawxyz/st/stm32cubeide_1.16.0/plugins/com.st.stm32cube.ide.mcu.externaltools.gnu-tools-for-stm32.12.3.rel1.linux64_1.0.200.202406132123/tools/bin/../lib/gcc/arm-none-eabi/12.3.1/../../../../arm-none-eabi/lib/thumb/v7-m/nofp/libc_nano.a
LOAD /home/syawxyz/st/stm32cubeide_1.16.0/plugins/com.st.stm32cube.ide.mcu.externaltools.gnu-tools-for-stm32.12.3.rel1.linux64_1.0.200.202406132123/tools/bin/../lib/gcc/arm-none-eabi/12.3.1/../../../../arm-none-eabi/lib/thumb/v7-m/nofp/libnosys.a
END GROUP
START GROUP
LOAD /home/syawxyz/st/stm32cubeide_1.16.0/plugins/com.st.stm32cube.ide.mcu.externaltools.gnu-tools-for-stm32.12.3.rel1.linux64_1.0.200.202406132123/tools/bin/../lib/gcc/arm-none-eabi/12.3.1/thumb/v7-m/nofp/libgcc.a
LOAD /home/syawxyz/st/stm32cubeide_1.16.0/plugins/com.st.stm32cube.ide.mcu.externaltools.gnu-tools-for-stm32.12.3.rel1.linux64_1.0.200.202406132123/tools/bin/../lib/gcc/arm-none-eabi/12.3.1/../../../../arm-none-eabi/lib/thumb/v7-m/nofp/libc_nano.a
LOAD /home/syawxyz/st/stm32cubeide_1.16.0/plugins/com.st.stm32cube.ide.mcu.externaltools.gnu-tools-for-stm32.12.3.rel1.linux64_1.0.200.202406132123/tools/bin/../lib/gcc/arm-none-eabi/12.3.1/../../../../arm-none-eabi/lib/thumb/v7-m/nofp/libnosys.a
END GROUP
LOAD /home/syawxyz/st/stm32cubeide_1.16.0/plugins/com.st.stm32cube.ide.mcu.externaltools.gnu-tools-for-stm32.12.3.rel1.linux64_1.0.200.202406132123/tools/bin/../lib/gcc/arm-none-eabi/12.3.1/thumb/v7-m/nofp/crtend.o
LOAD /home/syawxyz/st/stm32cubeide_1.16.0/plugins/com.st.stm32cube.ide.mcu.externaltools.gnu-tools-for-stm32.12.3.rel1.linux64_1.0.200.202406132123/tools/bin/../lib/gcc/arm-none-eabi/12.3.1/thumb/v7-m/nofp/crtn.o
                0x20005000                        _estack = (ORIGIN (RAM) + LENGTH (RAM))
                0x00000200                        _Min_Heap_Size = 0x200
                0x00000400                        _Min_Stack_Size = 0x400

.isr_vector     0x08000000      0x10c
                0x08000000                        . = ALIGN (0x4)
 *(.isr_vector)
 .isr_vector    0x08000000      0x10c ./Core/Startup/startup_stm32f103c8tx.o
                0x08000000                g_pfnVectors
                0x0800010c                        . = ALIGN (0x4)

.text           0x0800010c     0x3dbc
                0x0800010c                        . = ALIGN (0x4)
 *(.text)
 .text          0x0800010c       0x40 /home/syawxyz/st/stm32cubeide_1.16.0/plugins/com.st.stm32cube.ide.mcu.externaltools.gnu-tools-for-stm32.12.3.rel1.linux64_1.0.200.202406132123/tools/bin/../lib/gcc/arm-none-eabi/12.3.1/thumb/v7-m/nofp/crtbegin.o
 .text          0x0800014c       0xec /home/syawxyz/st/stm32cubeide_1.16.0/plugins/com.st.stm32cube.ide.mcu.externaltools.gnu-tools-for-stm32.12.3.rel1.linux64_1.0.200.202406132123/tools/bin/../lib/gcc/arm-none-eabi/12.3.1/thumb/v7-m/nofp/libgcc.a(_arm_cmpsf2.o)
                0x0800014c                __gtsf2
                0x0800014c                __gesf2
                0x08000154                __lesf2
                0x08000154                __ltsf2
                0x0800015c                __nesf2
                0x0800015c                __eqsf2
                0x0800015c                __cmpsf2
                0x080001bc                __aeabi_cfrcmple
                0x080001c4                __aeabi_cfcmple
                0x080001c4                __aeabi_cfcmpeq
                0x080001d4                __aeabi_fcmpeq
                0x080001e8                __aeabi_fcmplt
                0x080001fc                __aeabi_fcmple
                0x08000210                __aeabi_fcmpge
                0x08000224                __aeabi_fcmpgt
 .text          0x08000238       0x4c /home/syawxyz/st/stm32cubeide_1.16.0/plugins/com.st.stm32cube.ide.mcu.externaltools.gnu-tools-for-stm32.12.3.rel1.linux64_1.0.200.202406132123/tools/bin/../lib/gcc/arm-none-eabi/12.3.1/thumb/v7-m/nofp/libgcc.a(_arm_fixsfsi.o)
                0x08000238                __fixsfsi
                0x08000238                __aeabi_f2iz
 *(.text*)
 .text.MX_CAN_Init
                0x08000284       0x6c ./Core/Src/can.o
                0x08000284                MX_CAN_Init
 .text.HAL_CAN_MspInit
                0x080002f0       0xa8 ./Core/Src/can.o
                0x080002f0                HAL_CAN_MspInit
 .text.put_i16  0x08000398       0x2c ./Core/Src/can_handle.o
 .text.put_i32  0x080003c4       0x44 ./Core/Src/can_handle.o
 .text.f_to_i16_sat
                0x08000408       0x4c ./Core/Src/can_handle.o
 .text.can_handle_init
                0x08000454       0xa4 ./Core/Src/can_handle.o
                0x08000454                can_handle_init
 .text.HAL_CAN_RxFifo0MsgPendingCallback
                0x080004f8       0x60 ./Core/Src/can_handle.o
                0x080004f8                HAL_CAN_RxFifo0MsgPendingCallback
 .text.tx_frame
                0x08000558       0x7c ./Core/Src/can_handle.o
 .text.update_error_stats
                0x080005d4       0x44 ./Core/Src/can_handle.o
 .text.can_handle_send_telemetry
                0x08000618       0x5a ./Core/Src/can_handle.o
                0x08000618                can_handle_send_telemetry
 *fill*         0x08000672        0x2 
 .text.MX_DMA_Init
                0x08000674       0x3c ./Core/Src/dma.o
                0x08000674                MX_DMA_Init
 .text.MX_GPIO_Init
                0x080006b0       0xe8 ./Core/Src/gpio.o
                0x080006b0                MX_GPIO_Init
 .text.main     0x08000798       0xb4 ./Core/Src/main.o
                0x08000798                main
 .text.SystemClock_Config
                0x0800084c       0x8a ./Core/Src/main.o
                0x0800084c                SystemClock_Config
 .text.Error_Handler
                0x080008d6        0xc ./Core/Src/main.o
                0x080008d6                Error_Handler
 *fill*         0x080008e2        0x2 
 .text.HAL_MspInit
                0x080008e4       0x64 ./Core/Src/stm32f1xx_hal_msp.o
                0x080008e4                HAL_MspInit
 .text.NMI_Handler
                0x08000948        0x8 ./Core/Src/stm32f1xx_it.o
                0x08000948                NMI_Handler
 .text.HardFault_Handler
                0x08000950        0x8 ./Core/Src/stm32f1xx_it.o
                0x08000950                HardFault_Handler
 .text.MemManage_Handler
                0x08000958        0x8 ./Core/Src/stm32f1xx_it.o
                0x08000958                MemManage_Handler
 .text.BusFault_Handler
                0x08000960        0x8 ./Core/Src/stm32f1xx_it.o
                0x08000960                BusFault_Handler
 .text.UsageFault_Handler
                0x08000968        0x8 ./Core/Src/stm32f1xx_it.o
                0x08000968                UsageFault_Handler
 .text.SVC_Handler
                0x08000970        0xc ./Core/Src/stm32f1xx_it.o
                0x08000970                SVC_Handler
 .text.DebugMon_Handler
                0x0800097c        0xc ./Core/Src/stm32f1xx_it.o
                0x0800097c                DebugMon_Handler
 .text.PendSV_Handler
                0x08000988        0xc ./Core/Src/stm32f1xx_it.o
                0x08000988                PendSV_Handler
 .text.SysTick_Handler
                0x08000994        0xc ./Core/Src/stm32f1xx_it.o
                0x08000994                SysTick_Handler
 .text.DMA1_Channel2_IRQHandler
                0x080009a0       0x14 ./Core/Src/stm32f1xx_it.o
                0x080009a0                DMA1_Channel2_IRQHandler
 .text.USB_LP_CAN1_RX0_IRQHandler
                0x080009b4       0x14 ./Core/Src/stm32f1xx_it.o
                0x080009b4                USB_LP_CAN1_RX0_IRQHandler
 .text._sbrk    0x080009c8       0x6c ./Core/Src/sysmem.o
                0x080009c8                _sbrk
 .text.SystemInit
                0x08000a34        0xc ./Core/Src/system_stm32f1xx.o
                0x08000a34                SystemInit
 .text.MX_TIM1_Init
                0x08000a40      0x104 ./Core/Src/tim.o
                0x08000a40                MX_TIM1_Init
 .text.HAL_TIM_PWM_MspInit
                0x08000b44       0x94 ./Core/Src/tim.o
                0x08000b44                HAL_TIM_PWM_MspInit
 .text.HAL_TIM_MspPostInit
                0x08000bd8       0x68 ./Core/Src/tim.o
                0x08000bd8                HAL_TIM_MspPostInit
 .text.MX_USART1_UART_Init
                0x08000c40       0x54 ./Core/Src/usart.o
                0x08000c40                MX_USART1_UART_Init
 .text.HAL_UART_MspInit
                0x08000c94       0x98 ./Core/Src/usart.o
                0x08000c94                HAL_UART_MspInit
 .text.zeroLedValues
                0x08000d2c       0x6a ./Core/Src/ws2812.o
                0x08000d2c                zeroLedValues
 .text.ws2812_init
                0x08000d96       0xd2 ./Core/Src/ws2812.o
                0x08000d96                ws2812_init
 .text.Reset_Handler
                0x08000e68       0x48 ./Core/Startup/startup_stm32f103c8tx.o
                0x08000e68                Reset_Handler
 .text.Default_Handler
                0x08000eb0        0x2 ./Core/Startup/startup_stm32f103c8tx.o
                0x08000eb0                RTC_Alarm_IRQHandler
                0x08000eb0                EXTI2_IRQHandler
                0x08000eb0                TIM1_CC_IRQHandler
                0x08000eb0                PVD_IRQHandler
                0x08000eb0                EXTI3_IRQHandler
                0x08000eb0                EXTI0_IRQHandler
                0x08000eb0                I2C2_EV_IRQHandler
                0x08000eb0                ADC1_2_IRQHandler
                0x08000eb0                SPI1_IRQHandler
                0x08000eb0                TAMPER_IRQHandler
                0x08000eb0                DMA1_Channel4_IRQHandler
                0x08000eb0                USART3_IRQHandler
                0x08000eb0                RTC_IRQHandler
                0x08000eb0                DMA1_Channel7_IRQHandler
                0x08000eb0                CAN1_RX1_IRQHandler
                0x08000eb0                TIM4_IRQHandler
                0x08000eb0                I2C1_EV_IRQHandler
                0x08000eb0                DMA1_Channel6_IRQHandler
                0x08000eb0                TIM3_IRQHandler
                0x08000eb0                RCC_IRQHandler
                0x08000eb0                TIM1_TRG_COM_IRQHandler
                0x08000eb0                DMA1_Channel1_IRQHandler
                0x08000eb0                Default_Handler
                0x08000eb0                EXTI15_10_IRQHandler
                0x08000eb0                EXTI9_5_IRQHandler
                0x08000eb0                SPI2_IRQHandler
                0x08000eb0                DMA1_Channel5_IRQHandler
                0x08000eb0                EXTI4_IRQHandler
                0x08000eb0                USB_HP_CAN1_TX_IRQHandler
                0x08000eb0                DMA1_Channel3_IRQHandler
                0x08000eb0                TIM1_UP_IRQHandler
                0x08000eb0                WWDG_IRQHandler
                0x08000eb0                TIM2_IRQHandler
                0x08000eb0                TIM1_BRK_IRQHandler
                0x08000eb0                EXTI1_IRQHandler
                0x08000eb0                USART2_IRQHandler
                0x08000eb0                I2C2_ER_IRQHandler
                0x08000eb0                CAN1_SCE_IRQHandler
                0x08000eb0                FLASH_IRQHandler
                0x08000eb0                USART1_IRQHandler
                0x08000eb0                I2C1_ER_IRQHandler
                0x08000eb0                USBWakeUp_IRQHandler
 *fill*         0x08000eb2        0x2 
 .text.HAL_Init
                0x08000eb4       0x2c ./Drivers/STM32F1xx_HAL_Driver/Src/stm32f1xx_hal.o
                0x08000eb4                HAL_Init
 .text.HAL_InitTick
                0x08000ee0       0x60 ./Drivers/STM32F1xx_HAL_Driver/Src/stm32f1xx_hal.o
                0x08000ee0                HAL_InitTick
 .text.HAL_IncTick
                0x08000f40       0x24 ./Drivers/STM32F1xx_HAL_Driver/Src/stm32f1xx_hal.o
                0x08000f40                HAL_IncTick
 .text.HAL_GetTick
                0x08000f64       0x14 ./Drivers/STM32F1xx_HAL_Driver/Src/stm32f1xx_hal.o
                0x08000f64                HAL_GetTick
 .text.HAL_Delay
                0x08000f78       0x48 ./Drivers/STM32F1xx_HAL_Driver/Src/stm32f1xx_hal.o
                0x08000f78                HAL_Delay
 .text.HAL_CAN_Init
                0x08000fc0      0x1f6 ./Drivers/STM32F1xx_HAL_Driver/Src/stm32f1xx_hal_can.o
                0x08000fc0                HAL_CAN_Init
 .text.HAL_CAN_ConfigFilter
                0x080011b6      0x192 ./Drivers/STM32F1xx_HAL_Driver/Src/stm32f1xx_hal_can.o
                0x080011b6                HAL_CAN_ConfigFilter
 .text.HAL_CAN_Start
                0x08001348       0x88 ./Drivers/STM32F1xx_HAL_Driver/Src/stm32f1xx_hal_can.o
                0x08001348                HAL_CAN_Start
 .text.HAL_CAN_AddTxMessage
                0x080013d0      0x19e ./Drivers/STM32F1xx_HAL_Driver/Src/stm32f1xx_hal_can.o
                0x080013d0                HAL_CAN_AddTxMessage
 .text.HAL_CAN_GetTxMailboxesFreeLevel
                0x0800156e       0x68 ./Drivers/STM32F1xx_HAL_Driver/Src/stm32f1xx_hal_can.o
                0x0800156e                HAL_CAN_GetTxMailboxesFreeLevel
 .text.HAL_CAN_GetRxMessage
                0x080015d6      0x242 ./Drivers/STM32F1xx_HAL_Driver/Src/stm32f1xx_hal_can.o
                0x080015d6                HAL_CAN_GetRxMessage
 .text.HAL_CAN_ActivateNotification
                0x08001818       0x4a ./Drivers/STM32F1xx_HAL_Driver/Src/stm32f1xx_hal_can.o
                0x08001818                HAL_CAN_ActivateNotification
 .text.HAL_CAN_IRQHandler
                0x08001862      0x36e ./Drivers/STM32F1xx_HAL_Driver/Src/stm32f1xx_hal_can.o
                0x08001862                HAL_CAN_IRQHandler
 .text.HAL_CAN_TxMailbox0CompleteCallback
                0x08001bd0       0x12 ./Drivers/STM32F1xx_HAL_Driver/Src/stm32f1xx_hal_can.o
                0x08001bd0                HAL_CAN_TxMailbox0CompleteCallback
 .text.HAL_CAN_TxMailbox1CompleteCallback
                0x08001be2       0x12 ./Drivers/STM32F1xx_HAL_Driver/Src/stm32f1xx_hal_can.o
                0x08001be2                HAL_CAN_TxMailbox1CompleteCallback
 .text.HAL_CAN_TxMailbox2CompleteCallback
                0x08001bf4       0x12 ./Drivers/STM32F1xx_HAL_Driver/Src/stm32f1xx_hal_can.o
                0x08001bf4                HAL_CAN_TxMailbox2CompleteCallback
 .text.HAL_CAN_TxMailbox0AbortCallback
                0x08001c06       0x12 ./Drivers/STM32F1xx_HAL_Driver/Src/stm32f1xx_hal_can.o
                0x08001c06                HAL_CAN_TxMailbox0AbortCallback
 .text.HAL_CAN_TxMailbox1AbortCallback
                0x08001c18       0x12 ./Drivers/STM32F1xx_HAL_Driver/Src/stm32f1xx_hal_can.o
                0x08001c18                HAL_CAN_TxMailbox1AbortCallback
 .text.HAL_CAN_TxMailbox2AbortCallback
                0x08001c2a       0x12 ./Drivers/STM32F1xx_HAL_Driver/Src/stm32f1xx_hal_can.o
                0x08001c2a                HAL_CAN_TxMailbox2AbortCallback
 .text.HAL_CAN_RxFifo0FullCallback
                0x08001c3c       0x12 ./Drivers/STM32F1xx_HAL_Driver/Src/stm32f1xx_hal_can.o
                0x08001c3c                HAL_CAN_RxFifo0FullCallback
 .text.HAL_CAN_RxFifo1MsgPendingCallback
                0x08001c4e       0x12 ./Drivers/STM32F1xx_HAL_Driver/Src/stm32f1xx_hal_can.o
                0x08001c4e                HAL_CAN_RxFifo1MsgPendingCallback
 .text.HAL_CAN_RxFifo1FullCallback
                0x08001c60       0x12 ./Drivers/STM32F1xx_HAL_Driver/Src/stm32f1xx_hal_can.o
                0x08001c60                HAL_CAN_RxFifo1FullCallback
 .text.HAL_CAN_SleepCallback
                0x08001c72       0x12 ./Drivers/STM32F1xx_HAL_Driver/Src/stm32f1xx_hal_can.o
                0x08001c72                HAL_CAN_SleepCallback
 .text.HAL_CAN_WakeUpFromRxMsgCallback
                0x08001c84       0x12 ./Drivers/STM32F1xx_HAL_Driver/Src/stm32f1xx_hal_can.o
                0x08001c84                HAL_CAN_WakeUpFromRxMsgCallback
 .text.HAL_CAN_ErrorCallback
                0x08001c96       0x12 ./Drivers/STM32F1xx_HAL_Driver/Src/stm32f1xx_hal_can.o
                0x08001c96                HAL_CAN_ErrorCallback
 .text.__NVIC_SetPriorityGrouping
                0x08001ca8       0x48 ./Drivers/STM32F1xx_HAL_Driver/Src/stm32f1xx_hal_cortex.o
 .text.__NVIC_GetPriorityGrouping
                0x08001cf0       0x1c ./Drivers/STM32F1xx_HAL_Driver/Src/stm32f1xx_hal_cortex.o
 .text.__NVIC_EnableIRQ
                0x08001d0c       0x38 ./Drivers/STM32F1xx_HAL_Driver/Src/stm32f1xx_hal_cortex.o
 .text.__NVIC_SetPriority
                0x08001d44       0x54 ./Drivers/STM32F1xx_HAL_Driver/Src/stm32f1xx_hal_cortex.o
 .text.NVIC_EncodePriority
                0x08001d98       0x64 ./Drivers/STM32F1xx_HAL_Driver/Src/stm32f1xx_hal_cortex.o
 .text.SysTick_Config
                0x08001dfc       0x44 ./Drivers/STM32F1xx_HAL_Driver/Src/stm32f1xx_hal_cortex.o
 .text.HAL_NVIC_SetPriorityGrouping
                0x08001e40       0x16 ./Drivers/STM32F1xx_HAL_Driver/Src/stm32f1xx_hal_cortex.o
                0x08001e40                HAL_NVIC_SetPriorityGrouping
 .text.HAL_NVIC_SetPriority
                0x08001e56       0x38 ./Drivers/STM32F1xx_HAL_Driver/Src/stm32f1xx_hal_cortex.o
                0x08001e56                HAL_NVIC_SetPriority
 .text.HAL_NVIC_EnableIRQ
                0x08001e8e       0x1c ./Drivers/STM32F1xx_HAL_Driver/Src/stm32f1xx_hal_cortex.o
                0x08001e8e                HAL_NVIC_EnableIRQ
 .text.HAL_SYSTICK_Config
                0x08001eaa       0x18 ./Drivers/STM32F1xx_HAL_Driver/Src/stm32f1xx_hal_cortex.o
                0x08001eaa                HAL_SYSTICK_Config
 *fill*         0x08001ec2        0x2 
 .text.HAL_DMA_Init
                0x08001ec4       0xb4 ./Drivers/STM32F1xx_HAL_Driver/Src/stm32f1xx_hal_dma.o
                0x08001ec4                HAL_DMA_Init
 .text.HAL_DMA_Start_IT
                0x08001f78       0xc0 ./Drivers/STM32F1xx_HAL_Driver/Src/stm32f1xx_hal_dma.o
                0x08001f78                HAL_DMA_Start_IT
 .text.HAL_DMA_IRQHandler
                0x08002038      0x20c ./Drivers/STM32F1xx_HAL_Driver/Src/stm32f1xx_hal_dma.o
                0x08002038                HAL_DMA_IRQHandler
 .text.DMA_SetConfig
                0x08002244       0x5a ./Drivers/STM32F1xx_HAL_Driver/Src/stm32f1xx_hal_dma.o
 *fill*         0x0800229e        0x2 
 .text.HAL_GPIO_Init
                0x080022a0      0x308 ./Drivers/STM32F1xx_HAL_Driver/Src/stm32f1xx_hal_gpio.o
                0x080022a0                HAL_GPIO_Init
 .text.HAL_GPIO_WritePin
                0x080025a8       0x30 ./Drivers/STM32F1xx_HAL_Driver/Src/stm32f1xx_hal_gpio.o
                0x080025a8                HAL_GPIO_WritePin
 .text.HAL_GPIO_TogglePin
                0x080025d8       0x32 ./Drivers/STM32F1xx_HAL_Driver/Src/stm32f1xx_hal_gpio.o
                0x080025d8                HAL_GPIO_TogglePin
 *fill*         0x0800260a        0x2 
 .text.HAL_RCC_OscConfig
                0x0800260c      0x504 ./Drivers/STM32F1xx_HAL_Driver/Src/stm32f1xx_hal_rcc.o
                0x0800260c                HAL_RCC_OscConfig
 .text.HAL_RCC_ClockConfig
                0x08002b10      0x1d4 ./Drivers/STM32F1xx_HAL_Driver/Src/stm32f1xx_hal_rcc.o
                0x08002b10                HAL_RCC_ClockConfig
 .text.HAL_RCC_GetSysClockFreq
                0x08002ce4       0xa8 ./Drivers/STM32F1xx_HAL_Driver/Src/stm32f1xx_hal_rcc.o
                0x08002ce4                HAL_RCC_GetSysClockFreq
 .text.HAL_RCC_GetHCLKFreq
                0x08002d8c       0x14 ./Drivers/STM32F1xx_HAL_Driver/Src/stm32f1xx_hal_rcc.o
                0x08002d8c                HAL_RCC_GetHCLKFreq
 .text.HAL_RCC_GetPCLK1Freq
                0x08002da0       0x28 ./Drivers/STM32F1xx_HAL_Driver/Src/stm32f1xx_hal_rcc.o
                0x08002da0                HAL_RCC_GetPCLK1Freq
 .text.HAL_RCC_GetPCLK2Freq
                0x08002dc8       0x28 ./Drivers/STM32F1xx_HAL_Driver/Src/stm32f1xx_hal_rcc.o
                0x08002dc8                HAL_RCC_GetPCLK2Freq
 .text.RCC_Delay
                0x08002df0       0x3c ./Drivers/STM32F1xx_HAL_Driver/Src/stm32f1xx_hal_rcc.o
 .text.HAL_TIM_PWM_Init
                0x08002e2c       0x9e ./Drivers/STM32F1xx_HAL_Driver/Src/stm32f1xx_hal_tim.o
                0x08002e2c                HAL_TIM_PWM_Init
 *fill*         0x08002eca        0x2 
 .text.HAL_TIM_PWM_Start_DMA
                0x08002ecc      0x344 ./Drivers/STM32F1xx_HAL_Driver/Src/stm32f1xx_hal_tim.o
                0x08002ecc                HAL_TIM_PWM_Start_DMA
 .text.HAL_TIM_PWM_ConfigChannel
                0x08003210      0x184 ./Drivers/STM32F1xx_HAL_Driver/Src/stm32f1xx_hal_tim.o
                0x08003210                HAL_TIM_PWM_ConfigChannel
 .text.HAL_TIM_PWM_PulseFinishedCallback
                0x08003394       0x12 ./Drivers/STM32F1xx_HAL_Driver/Src/stm32f1xx_hal_tim.o
                0x08003394                HAL_TIM_PWM_PulseFinishedCallback
 .text.HAL_TIM_PWM_PulseFinishedHalfCpltCallback
                0x080033a6       0x12 ./Drivers/STM32F1xx_HAL_Driver/Src/stm32f1xx_hal_tim.o
                0x080033a6                HAL_TIM_PWM_PulseFinishedHalfCpltCallback
 .text.HAL_TIM_ErrorCallback
                0x080033b8       0x12 ./Drivers/STM32F1xx_HAL_Driver/Src/stm32f1xx_hal_tim.o
                0x080033b8                HAL_TIM_ErrorCallback
 .text.TIM_DMAError
                0x080033ca       0x92 ./Drivers/STM32F1xx_HAL_Driver/Src/stm32f1xx_hal_tim.o
                0x080033ca                TIM_DMAError
 .text.TIM_DMADelayPulseCplt
                0x0800345c       0xa8 ./Drivers/STM32F1xx_HAL_Driver/Src/stm32f1xx_hal_tim.o
 .text.TIM_DMADelayPulseHalfCplt
                0x08003504       0x68 ./Drivers/STM32F1xx_HAL_Driver/Src/stm32f1xx_hal_tim.o
                0x08003504                TIM_DMADelayPulseHalfCplt
 .text.TIM_Base_SetConfig
                0x0800356c       0xdc ./Drivers/STM32F1xx_HAL_Driver/Src/stm32f1xx_hal_tim.o
                0x0800356c                TIM_Base_SetConfig
 .text.TIM_OC1_SetConfig
                0x08003648       0xcc ./Drivers/STM32F1xx_HAL_Driver/Src/stm32f1xx_hal_tim.o
 .text.TIM_OC2_SetConfig
                0x08003714       0xd4 ./Drivers/STM32F1xx_HAL_Driver/Src/stm32f1xx_hal_tim.o
                0x08003714                TIM_OC2_SetConfig
 .text.TIM_OC3_SetConfig
                0x080037e8       0xd4 ./Drivers/STM32F1xx_HAL_Driver/Src/stm32f1xx_hal_tim.o
 .text.TIM_OC4_SetConfig
                0x080038bc       0x9c ./Drivers/STM32F1xx_HAL_Driver/Src/stm32f1xx_hal_tim.o
 .text.TIM_CCxChannelCmd
                0x08003958       0x48 ./Drivers/STM32F1xx_HAL_Driver/Src/stm32f1xx_hal_tim.o
                0x08003958                TIM_CCxChannelCmd
 .text.HAL_TIMEx_MasterConfigSynchronization
                0x080039a0       0xbc ./Drivers/STM32F1xx_HAL_Driver/Src/stm32f1xx_hal_tim_ex.o
                0x080039a0                HAL_TIMEx_MasterConfigSynchronization
 .text.HAL_TIMEx_ConfigBreakDeadTime
                0x08003a5c       0xa2 ./Drivers/STM32F1xx_HAL_Driver/Src/stm32f1xx_hal_tim_ex.o
                0x08003a5c                HAL_TIMEx_ConfigBreakDeadTime
 .text.HAL_UART_Init
                0x08003afe       0xa0 ./Drivers/STM32F1xx_HAL_Driver/Src/stm32f1xx_hal_uart.o
                0x08003afe                HAL_UART_Init
 *fill*         0x08003b9e        0x2 
 .text.UART_SetConfig
                0x08003ba0      0x11c ./Drivers/STM32F1xx_HAL_Driver/Src/stm32f1xx_hal_uart.o
 .text.malloc   0x08003cbc       0x10 /home/syawxyz/st/stm32cubeide_1.16.0/plugins/com.st.stm32cube.ide.mcu.externaltools.gnu-tools-for-stm32.12.3.rel1.linux64_1.0.200.202406132123/tools/bin/../lib/gcc/arm-none-eabi/12.3.1/../../../../arm-none-eabi/lib/thumb/v7-m/nofp/libc_nano.a(libc_a-malloc.o)
                0x08003cbc                malloc
 .text.sbrk_aligned
                0x08003ccc       0x44 /home/syawxyz/st/stm32cubeide_1.16.0/plugins/com.st.stm32cube.ide.mcu.externaltools.gnu-tools-for-stm32.12.3.rel1.linux64_1.0.200.202406132123/tools/bin/../lib/gcc/arm-none-eabi/12.3.1/../../../../arm-none-eabi/lib/thumb/v7-m/nofp/libc_nano.a(libc_a-mallocr.o)
 .text._malloc_r
                0x08003d10      0x100 /home/syawxyz/st/stm32cubeide_1.16.0/plugins/com.st.stm32cube.ide.mcu.externaltools.gnu-tools-for-stm32.12.3.rel1.linux64_1.0.200.202406132123/tools/bin/../lib/gcc/arm-none-eabi/12.3.1/../../../../arm-none-eabi/lib/thumb/v7-m/nofp/libc_nano.a(libc_a-mallocr.o)
                0x08003d10                _malloc_r
 .text.__malloc_lock
                0x08003e10        0xc /home/syawxyz/st/stm32cubeide_1.16.0/plugins/com.st.stm32cube.ide.mcu.externaltools.gnu-tools-for-stm32.12.3.rel1.linux64_1.0.200.202406132123/tools/bin/../lib/gcc/arm-none-eabi/12.3.1/../../../../arm-none-eabi/lib/thumb/v7-m/nofp/libc_nano.a(libc_a-mlock.o)
                0x08003e10                __malloc_lock
 .text.__malloc_unlock
                0x08003e1c        0xc /home/syawxyz/st/stm32cubeide_1.16.0/plugins/com.st.stm32cube.ide.mcu.externaltools.gnu-tools-for-stm32.12.3.rel1.linux64_1.0.200.202406132123/tools/bin/../lib/gcc/arm-none-eabi/12.3.1/../../../../arm-none-eabi/lib/thumb/v7-m/nofp/libc_nano.a(libc_a-mlock.o)
                0x08003e1c                __malloc_unlock
 .text.memset   0x08003e28       0x10 /home/syawxyz/st/stm32cubeide_1.16.0/plugins/com.st.stm32cube.ide.mcu.externaltools.gnu-tools-for-stm32.12.3.rel1.linux64_1.0.200.202406132123/tools/bin/../lib/gcc/arm-none-eabi/12.3.1/../../../../arm-none-eabi/lib/thumb/v7-m/nofp/libc_nano.a(libc_a-memset.o)
                0x08003e28                memset
 .text._sbrk_r  0x08003e38       0x20 /home/syawxyz/st/stm32cubeide_1.16.0/plugins/com.st.stm32cube.ide.mcu.externaltools.gnu-tools-for-stm32.12.3.rel1.linux64_1.0.200.202406132123/tools/bin/../lib/gcc/arm-none-eabi/12.3.1/../../../../arm-none-eabi/lib/thumb/v7-m/nofp/libc_nano.a(libc_a-sbrkr.o)
                0x08003e38                _sbrk_r
 .text.__errno  0x08003e58        0xc /home/syawxyz/st/stm32cubeide_1.16.0/plugins/com.st.stm32cube.ide.mcu.externaltools.gnu-tools-for-stm32.12.3.rel1.linux64_1.0.200.202406132123/tools/bin/../lib/gcc/arm-none-eabi/12.3.1/../../../../arm-none-eabi/lib/thumb/v7-m/nofp/libc_nano.a(libc_a-errno.o)
                0x08003e58                __errno
 .text.__libc_init_array
                0x08003e64       0x48 /home/syawxyz/st/stm32cubeide_1.16.0/plugins/com.st.stm32cube.ide.mcu.externaltools.gnu-tools-for-stm32.12.3.rel1.linux64_1.0.200.202406132123/tools/bin/../lib/gcc/arm-none-eabi/12.3.1/../../../../arm-none-eabi/lib/thumb/v7-m/nofp/libc_nano.a(libc_a-init.o)
                0x08003e64                __libc_init_array
 .text.__retarget_lock_acquire_recursive
                0x08003eac        0x2 /home/syawxyz/st/stm32cubeide_1.16.0/plugins/com.st.stm32cube.ide.mcu.externaltools.gnu-tools-for-stm32.12.3.rel1.linux64_1.0.200.202406132123/tools/bin/../lib/gcc/arm-none-eabi/12.3.1/../../../../arm-none-eabi/lib/thumb/v7-m/nofp/libc_nano.a(libc_a-lock.o)
                0x08003eac                __retarget_lock_acquire_recursive
 .text.__retarget_lock_release_recursive
                0x08003eae        0x2 /home/syawxyz/st/stm32cubeide_1.16.0/plugins/com.st.stm32cube.ide.mcu.externaltools.gnu-tools-for-stm32.12.3.rel1.linux64_1.0.200.202406132123/tools/bin/../lib/gcc/arm-none-eabi/12.3.1/../../../../arm-none-eabi/lib/thumb/v7-m/nofp/libc_nano.a(libc_a-lock.o)
                0x08003eae                __retarget_lock_release_recursive
 *(.glue_7)
 .glue_7        0x08003eb0        0x0 linker stubs
 *(.glue_7t)
 .glue_7t       0x08003eb0        0x0 linker stubs
 *(.eh_frame)
 .eh_frame      0x08003eb0        0x0 /home/syawxyz/st/stm32cubeide_1.16.0/plugins/com.st.stm32cube.ide.mcu.externaltools.gnu-tools-for-stm32.12.3.rel1.linux64_1.0.200.202406132123/tools/bin/../lib/gcc/arm-none-eabi/12.3.1/thumb/v7-m/nofp/crtbegin.o
 *(.init)
 .init          0x08003eb0        0x4 /home/syawxyz/st/stm32cubeide_1.16.0/plugins/com.st.stm32cube.ide.mcu.externaltools.gnu-tools-for-stm32.12.3.rel1.linux64_1.0.200.202406132123/tools/bin/../lib/gcc/arm-none-eabi/12.3.1/thumb/v7-m/nofp/crti.o
                0x08003eb0                _init
 .init          0x08003eb4        0x8 /home/syawxyz/st/stm32cubeide_1.16.0/plugins/com.st.stm32cube.ide.mcu.externaltools.gnu-tools-for-stm32.12.3.rel1.linux64_1.0.200.202406132123/tools/bin/../lib/gcc/arm-none-eabi/12.3.1/thumb/v7-m/nofp/crtn.o
 *(.fini)
 .fini          0x08003ebc        0x4 /home/syawxyz/st/stm32cubeide_1.16.0/plugins/com.st.stm32cube.ide.mcu.externaltools.gnu-tools-for-stm32.12.3.rel1.linux64_1.0.200.202406132123/tools/bin/../lib/gcc/arm-none-eabi/12.3.1/thumb/v7-m/nofp/crti.o
                0x08003ebc                _fini
 .fini          0x08003ec0        0x8 /home/syawxyz/st/stm32cubeide_1.16.0/plugins/com.st.stm32cube.ide.mcu.externaltools.gnu-tools-for-stm32.12.3.rel1.linux64_1.0.200.202406132123/tools/bin/../lib/gcc/arm-none-eabi/12.3.1/thumb/v7-m/nofp/crtn.o
                0x08003ec8                        . = ALIGN (0x4)
                0x08003ec8                        _etext = .

.vfp11_veneer   0x08003ec8        0x0
 .vfp11_veneer  0x08003ec8        0x0 linker stubs

.v4_bx          0x08003ec8        0x0
 .v4_bx         0x08003ec8        0x0 linker stubs

.iplt           0x08003ec8        0x0
 .iplt          0x08003ec8        0x0 /home/syawxyz/st/stm32cubeide_1.16.0/plugins/com.st.stm32cube.ide.mcu.externaltools.gnu-tools-for-stm32.12.3.rel1.linux64_1.0.200.202406132123/tools/bin/../lib/gcc/arm-none-eabi/12.3.1/thumb/v7-m/nofp/crtbegin.o

.rodata         0x08003ec8       0x2c
                0x08003ec8                        . = ALIGN (0x4)
 *(.rodata)
 *(.rodata*)
 .rodata.AHBPrescTable
                0x08003ec8       0x10 ./Core/Src/system_stm32f1xx.o
                0x08003ec8                AHBPrescTable
 .rodata.APBPrescTable
                0x08003ed8        0x8 ./Core/Src/system_stm32f1xx.o
                0x08003ed8                APBPrescTable
 .rodata.aPLLMULFactorTable.1
                0x08003ee0       0x10 ./Drivers/STM32F1xx_HAL_Driver/Src/stm32f1xx_hal_rcc.o
 .rodata.aPredivFactorTable.0
                0x08003ef0        0x2 ./Drivers/STM32F1xx_HAL_Driver/Src/stm32f1xx_hal_rcc.o
                0x08003ef4                        . = ALIGN (0x4)
 *fill*         0x08003ef2        0x2 

.ARM.extab      0x08003ef4        0x0
                0x08003ef4                        . = ALIGN (0x4)
 *(.ARM.extab* .gnu.linkonce.armextab.*)
                0x08003ef4                        . = ALIGN (0x4)

.ARM            0x08003ef4        0x0
                0x08003ef4                        . = ALIGN (0x4)
                0x08003ef4                        __exidx_start = .
 *(.ARM.exidx*)
                0x08003ef4                        __exidx_end = .
                0x08003ef4                        . = ALIGN (0x4)

.preinit_array  0x08003ef4        0x0
                0x08003ef4                        . = ALIGN (0x4)
                0x08003ef4                        PROVIDE (__preinit_array_start = .)
 *(.preinit_array*)
                0x08003ef4                        PROVIDE (__preinit_array_end = .)
                0x08003ef4                        . = ALIGN (0x4)

.init_array     0x08003ef4        0x4
                0x08003ef4                        . = ALIGN (0x4)
                0x08003ef4                        PROVIDE (__init_array_start = .)
 *(SORT_BY_NAME(.init_array.*))
 *(.init_array*)
 .init_array    0x08003ef4        0x4 /home/syawxyz/st/stm32cubeide_1.16.0/plugins/com.st.stm32cube.ide.mcu.externaltools.gnu-tools-for-stm32.12.3.rel1.linux64_1.0.200.202406132123/tools/bin/../lib/gcc/arm-none-eabi/12.3.1/thumb/v7-m/nofp/crtbegin.o
                0x08003ef8                        PROVIDE (__init_array_end = .)
                0x08003ef8                        . = ALIGN (0x4)

.fini_array     0x08003ef8        0x4
                0x08003ef8                        . = ALIGN (0x4)
                [!provide]                        PROVIDE (__fini_array_start = .)
 *(SORT_BY_NAME(.fini_array.*))
 *(.fini_array*)
 .fini_array    0x08003ef8        0x4 /home/syawxyz/st/stm32cubeide_1.16.0/plugins/com.st.stm32cube.ide.mcu.externaltools.gnu-tools-for-stm32.12.3.rel1.linux64_1.0.200.202406132123/tools/bin/../lib/gcc/arm-none-eabi/12.3.1/thumb/v7-m/nofp/crtbegin.o
                [!provide]                        PROVIDE (__fini_array_end = .)
                0x08003efc                        . = ALIGN (0x4)
                0x08003efc                        _sidata = LOADADDR (.data)

.rel.dyn        0x08003efc        0x0
 .rel.iplt      0x08003efc        0x0 /home/syawxyz/st/stm32cubeide_1.16.0/plugins/com.st.stm32cube.ide.mcu.externaltools.gnu-tools-for-stm32.12.3.rel1.linux64_1.0.200.202406132123/tools/bin/../lib/gcc/arm-none-eabi/12.3.1/thumb/v7-m/nofp/crtbegin.o

.data           0x20000000       0x5c load address 0x08003efc
                0x20000000                        . = ALIGN (0x4)
                0x20000000                        _sdata = .
 *(.data)
 *(.data*)
 .data.SystemCoreClock
                0x20000000        0x4 ./Core/Src/system_stm32f1xx.o
                0x20000000                SystemCoreClock
 .data.uwTickPrio
                0x20000004        0x4 ./Drivers/STM32F1xx_HAL_Driver/Src/stm32f1xx_hal.o
                0x20000004                uwTickPrio
 .data.uwTickFreq
                0x20000008        0x1 ./Drivers/STM32F1xx_HAL_Driver/Src/stm32f1xx_hal.o
                0x20000008                uwTickFreq
 *fill*         0x20000009        0x3 
 .data._impure_ptr
                0x2000000c        0x4 /home/syawxyz/st/stm32cubeide_1.16.0/plugins/com.st.stm32cube.ide.mcu.externaltools.gnu-tools-for-stm32.12.3.rel1.linux64_1.0.200.202406132123/tools/bin/../lib/gcc/arm-none-eabi/12.3.1/../../../../arm-none-eabi/lib/thumb/v7-m/nofp/libc_nano.a(libc_a-impure.o)
                0x2000000c                _impure_ptr
 .data._impure_data
                0x20000010       0x4c /home/syawxyz/st/stm32cubeide_1.16.0/plugins/com.st.stm32cube.ide.mcu.externaltools.gnu-tools-for-stm32.12.3.rel1.linux64_1.0.200.202406132123/tools/bin/../lib/gcc/arm-none-eabi/12.3.1/../../../../arm-none-eabi/lib/thumb/v7-m/nofp/libc_nano.a(libc_a-impure.o)
                0x20000010                _impure_data
 *(.RamFunc)
 *(.RamFunc*)
                0x2000005c                        . = ALIGN (0x4)
                0x2000005c                        _edata = .

.igot.plt       0x2000005c        0x0 load address 0x08003f58
 .igot.plt      0x2000005c        0x0 /home/syawxyz/st/stm32cubeide_1.16.0/plugins/com.st.stm32cube.ide.mcu.externaltools.gnu-tools-for-stm32.12.3.rel1.linux64_1.0.200.202406132123/tools/bin/../lib/gcc/arm-none-eabi/12.3.1/thumb/v7-m/nofp/crtbegin.o
                0x2000005c                        . = ALIGN (0x4)

.bss            0x2000005c      0x334 load address 0x08003f58
                0x2000005c                        _sbss = .
                0x2000005c                        __bss_start__ = _sbss
 *(.bss)
 .bss           0x2000005c       0x1c /home/syawxyz/st/stm32cubeide_1.16.0/plugins/com.st.stm32cube.ide.mcu.externaltools.gnu-tools-for-stm32.12.3.rel1.linux64_1.0.200.202406132123/tools/bin/../lib/gcc/arm-none-eabi/12.3.1/thumb/v7-m/nofp/crtbegin.o
 *(.bss*)
 .bss.hcan      0x20000078       0x28 ./Core/Src/can.o
                0x20000078                hcan
 .bss.stats     0x200000a0       0x14 ./Core/Src/can_handle.o
 .bss.tlm_seq   0x200000b4        0x1 ./Core/Src/can_handle.o
 *fill*         0x200000b5        0x3 
 .bss.dock_receive
                0x200000b8        0x8 ./Core/Src/can_handle.o
                0x200000b8                dock_receive
 .bss.dock_transmit
                0x200000c0        0xc ./Core/Src/can_handle.o
                0x200000c0                dock_transmit
 .bss.ls        0x200000cc       0x10 ./Core/Src/main.o
                0x200000cc                ls
 .bss.led_indicator
                0x200000dc       0x8c ./Core/Src/main.o
                0x200000dc                led_indicator
 .bss.can_init_status
                0x20000168        0x1 ./Core/Src/main.o
                0x20000168                can_init_status
 *fill*         0x20000169        0x3 
 .bss.__sbrk_heap_end
                0x2000016c        0x4 ./Core/Src/sysmem.o
 .bss.htim1     0x20000170       0x48 ./Core/Src/tim.o
                0x20000170                htim1
 .bss.hdma_tim1_ch1
                0x200001b8       0x44 ./Core/Src/tim.o
                0x200001b8                hdma_tim1_ch1
 .bss.huart1    0x200001fc       0x48 ./Core/Src/usart.o
                0x200001fc                huart1
 .bss.uwTick    0x20000244        0x4 ./Drivers/STM32F1xx_HAL_Driver/Src/stm32f1xx_hal.o
                0x20000244                uwTick
 .bss.__malloc_sbrk_start
                0x20000248        0x4 /home/syawxyz/st/stm32cubeide_1.16.0/plugins/com.st.stm32cube.ide.mcu.externaltools.gnu-tools-for-stm32.12.3.rel1.linux64_1.0.200.202406132123/tools/bin/../lib/gcc/arm-none-eabi/12.3.1/../../../../arm-none-eabi/lib/thumb/v7-m/nofp/libc_nano.a(libc_a-mallocr.o)
                0x20000248                __malloc_sbrk_start
 .bss.__malloc_free_list
                0x2000024c        0x4 /home/syawxyz/st/stm32cubeide_1.16.0/plugins/com.st.stm32cube.ide.mcu.externaltools.gnu-tools-for-stm32.12.3.rel1.linux64_1.0.200.202406132123/tools/bin/../lib/gcc/arm-none-eabi/12.3.1/../../../../arm-none-eabi/lib/thumb/v7-m/nofp/libc_nano.a(libc_a-mallocr.o)
                0x2000024c                __malloc_free_list
 .bss.__sf      0x20000250      0x138 /home/syawxyz/st/stm32cubeide_1.16.0/plugins/com.st.stm32cube.ide.mcu.externaltools.gnu-tools-for-stm32.12.3.rel1.linux64_1.0.200.202406132123/tools/bin/../lib/gcc/arm-none-eabi/12.3.1/../../../../arm-none-eabi/lib/thumb/v7-m/nofp/libc_nano.a(libc_a-findfp.o)
                0x20000250                __sf
 .bss.errno     0x20000388        0x4 /home/syawxyz/st/stm32cubeide_1.16.0/plugins/com.st.stm32cube.ide.mcu.externaltools.gnu-tools-for-stm32.12.3.rel1.linux64_1.0.200.202406132123/tools/bin/../lib/gcc/arm-none-eabi/12.3.1/../../../../arm-none-eabi/lib/thumb/v7-m/nofp/libc_nano.a(libc_a-reent.o)
                0x20000388                errno
 .bss.__lock___malloc_recursive_mutex
                0x2000038c        0x1 /home/syawxyz/st/stm32cubeide_1.16.0/plugins/com.st.stm32cube.ide.mcu.externaltools.gnu-tools-for-stm32.12.3.rel1.linux64_1.0.200.202406132123/tools/bin/../lib/gcc/arm-none-eabi/12.3.1/../../../../arm-none-eabi/lib/thumb/v7-m/nofp/libc_nano.a(libc_a-lock.o)
                0x2000038c                __lock___malloc_recursive_mutex
 *(COMMON)
                0x20000390                        . = ALIGN (0x4)
 *fill*         0x2000038d        0x3 
                0x20000390                        _ebss = .
                0x20000390                        __bss_end__ = _ebss

._user_heap_stack
                0x20000390      0x600 load address 0x08003f58
                0x20000390                        . = ALIGN (0x8)
                [!provide]                        PROVIDE (end = .)
                0x20000390                        PROVIDE (_end = .)
                0x20000590                        . = (. + _Min_Heap_Size)
 *fill*         0x20000390      0x200 
                0x20000990                        . = (. + _Min_Stack_Size)
 *fill*         0x20000590      0x400 
                0x20000990                        . = ALIGN (0x8)

/DISCARD/
 libc.a(*)
 libm.a(*)
 libgcc.a(*)

.ARM.attributes
                0x00000000       0x29
 *(.ARM.attributes)
 .ARM.attributes
                0x00000000       0x1d /home/syawxyz/st/stm32cubeide_1.16.0/plugins/com.st.stm32cube.ide.mcu.externaltools.gnu-tools-for-stm32.12.3.rel1.linux64_1.0.200.202406132123/tools/bin/../lib/gcc/arm-none-eabi/12.3.1/thumb/v7-m/nofp/crti.o
 .ARM.attributes
                0x0000001d       0x2d /home/syawxyz/st/stm32cubeide_1.16.0/plugins/com.st.stm32cube.ide.mcu.externaltools.gnu-tools-for-stm32.12.3.rel1.linux64_1.0.200.202406132123/tools/bin/../lib/gcc/arm-none-eabi/12.3.1/thumb/v7-m/nofp/crtbegin.o
 .ARM.attributes
                0x0000004a       0x2d ./Core/Src/can.o
 .ARM.attributes
                0x00000077       0x2d ./Core/Src/can_handle.o
 .ARM.attributes
                0x000000a4       0x2d ./Core/Src/dma.o
 .ARM.attributes
                0x000000d1       0x2d ./Core/Src/gpio.o
 .ARM.attributes
                0x000000fe       0x2d ./Core/Src/main.o
 .ARM.attributes
                0x0000012b       0x2d ./Core/Src/stm32f1xx_hal_msp.o
 .ARM.attributes
                0x00000158       0x2d ./Core/Src/stm32f1xx_it.o
 .ARM.attributes
                0x00000185       0x2d ./Core/Src/sysmem.o
 .ARM.attributes
                0x000001b2       0x2d ./Core/Src/system_stm32f1xx.o
 .ARM.attributes
                0x000001df       0x2d ./Core/Src/tim.o
 .ARM.attributes
                0x0000020c       0x2d ./Core/Src/usart.o
 .ARM.attributes
                0x00000239       0x2d ./Core/Src/ws2812.o
 .ARM.attributes
                0x00000266       0x21 ./Core/Startup/startup_stm32f103c8tx.o
 .ARM.attributes
                0x00000287       0x2d ./Drivers/STM32F1xx_HAL_Driver/Src/stm32f1xx_hal.o
 .ARM.attributes
                0x000002b4       0x2d ./Drivers/STM32F1xx_HAL_Driver/Src/stm32f1xx_hal_can.o
 .ARM.attributes
                0x000002e1       0x2d ./Drivers/STM32F1xx_HAL_Driver/Src/stm32f1xx_hal_cortex.o
 .ARM.attributes
                0x0000030e       0x2d ./Drivers/STM32F1xx_HAL_Driver/Src/stm32f1xx_hal_dma.o
 .ARM.attributes
                0x0000033b       0x2d ./Drivers/STM32F1xx_HAL_Driver/Src/stm32f1xx_hal_gpio.o
 .ARM.attributes
                0x00000368       0x2d ./Drivers/STM32F1xx_HAL_Driver/Src/stm32f1xx_hal_rcc.o
 .ARM.attributes
                0x00000395       0x2d ./Drivers/STM32F1xx_HAL_Driver/Src/stm32f1xx_hal_tim.o
 .ARM.attributes
                0x000003c2       0x2d ./Drivers/STM32F1xx_HAL_Driver/Src/stm32f1xx_hal_tim_ex.o
 .ARM.attributes
                0x000003ef       0x2d ./Drivers/STM32F1xx_HAL_Driver/Src/stm32f1xx_hal_uart.o
 .ARM.attributes
                0x0000041c       0x2d /home/syawxyz/st/stm32cubeide_1.16.0/plugins/com.st.stm32cube.ide.mcu.externaltools.gnu-tools-for-stm32.12.3.rel1.linux64_1.0.200.202406132123/tools/bin/../lib/gcc/arm-none-eabi/12.3.1/../../../../arm-none-eabi/lib/thumb/v7-m/nofp/libc_nano.a(libc_a-malloc.o)
 .ARM.attributes
                0x00000449       0x2d /home/syawxyz/st/stm32cubeide_1.16.0/plugins/com.st.stm32cube.ide.mcu.externaltools.gnu-tools-for-stm32.12.3.rel1.linux64_1.0.200.202406132123/tools/bin/../lib/gcc/arm-none-eabi/12.3.1/../../../../arm-none-eabi/lib/thumb/v7-m/nofp/libc_nano.a(libc_a-mallocr.o)
 .ARM.attributes
                0x00000476       0x2d /home/syawxyz/st/stm32cubeide_1.16.0/plugins/com.st.stm32cube.ide.mcu.externaltools.gnu-tools-for-stm32.12.3.rel1.linux64_1.0.200.202406132123/tools/bin/../lib/gcc/arm-none-eabi/12.3.1/../../../../arm-none-eabi/lib/thumb/v7-m/nofp/libc_nano.a(libc_a-mlock.o)
 .ARM.attributes
                0x000004a3       0x2d /home/syawxyz/st/stm32cubeide_1.16.0/plugins/com.st.stm32cube.ide.mcu.externaltools.gnu-tools-for-stm32.12.3.rel1.linux64_1.0.200.202406132123/tools/bin/../lib/gcc/arm-none-eabi/12.3.1/../../../../arm-none-eabi/lib/thumb/v7-m/nofp/libc_nano.a(libc_a-findfp.o)
 .ARM.attributes
                0x000004d0       0x2d /home/syawxyz/st/stm32cubeide_1.16.0/plugins/com.st.stm32cube.ide.mcu.externaltools.gnu-tools-for-stm32.12.3.rel1.linux64_1.0.200.202406132123/tools/bin/../lib/gcc/arm-none-eabi/12.3.1/../../../../arm-none-eabi/lib/thumb/v7-m/nofp/libc_nano.a(libc_a-memset.o)
 .ARM.attributes
                0x000004fd       0x2d /home/syawxyz/st/stm32cubeide_1.16.0/plugins/com.st.stm32cube.ide.mcu.externaltools.gnu-tools-for-stm32.12.3.rel1.linux64_1.0.200.202406132123/tools/bin/../lib/gcc/arm-none-eabi/12.3.1/../../../../arm-none-eabi/lib/thumb/v7-m/nofp/libc_nano.a(libc_a-reent.o)
 .ARM.attributes
                0x0000052a       0x2d /home/syawxyz/st/stm32cubeide_1.16.0/plugins/com.st.stm32cube.ide.mcu.externaltools.gnu-tools-for-stm32.12.3.rel1.linux64_1.0.200.202406132123/tools/bin/../lib/gcc/arm-none-eabi/12.3.1/../../../../arm-none-eabi/lib/thumb/v7-m/nofp/libc_nano.a(libc_a-impure.o)
 .ARM.attributes
                0x00000557       0x2d /home/syawxyz/st/stm32cubeide_1.16.0/plugins/com.st.stm32cube.ide.mcu.externaltools.gnu-tools-for-stm32.12.3.rel1.linux64_1.0.200.202406132123/tools/bin/../lib/gcc/arm-none-eabi/12.3.1/../../../../arm-none-eabi/lib/thumb/v7-m/nofp/libc_nano.a(libc_a-sbrkr.o)
 .ARM.attributes
                0x00000584       0x2d /home/syawxyz/st/stm32cubeide_1.16.0/plugins/com.st.stm32cube.ide.mcu.externaltools.gnu-tools-for-stm32.12.3.rel1.linux64_1.0.200.202406132123/tools/bin/../lib/gcc/arm-none-eabi/12.3.1/../../../../arm-none-eabi/lib/thumb/v7-m/nofp/libc_nano.a(libc_a-errno.o)
 .ARM.attributes
                0x000005b1       0x2d /home/syawxyz/st/stm32cubeide_1.16.0/plugins/com.st.stm32cube.ide.mcu.externaltools.gnu-tools-for-stm32.12.3.rel1.linux64_1.0.200.202406132123/tools/bin/../lib/gcc/arm-none-eabi/12.3.1/../../../../arm-none-eabi/lib/thumb/v7-m/nofp/libc_nano.a(libc_a-init.o)
 .ARM.attributes
                0x000005de       0x2d /home/syawxyz/st/stm32cubeide_1.16.0/plugins/com.st.stm32cube.ide.mcu.externaltools.gnu-tools-for-stm32.12.3.rel1.linux64_1.0.200.202406132123/tools/bin/../lib/gcc/arm-none-eabi/12.3.1/../../../../arm-none-eabi/lib/thumb/v7-m/nofp/libc_nano.a(libc_a-lock.o)
 .ARM.attributes
                0x0000060b       0x1d /home/syawxyz/st/stm32cubeide_1.16.0/plugins/com.st.stm32cube.ide.mcu.externaltools.gnu-tools-for-stm32.12.3.rel1.linux64_1.0.200.202406132123/tools/bin/../lib/gcc/arm-none-eabi/12.3.1/thumb/v7-m/nofp/libgcc.a(_arm_cmpsf2.o)
 .ARM.attributes
                0x00000628       0x1d /home/syawxyz/st/stm32cubeide_1.16.0/plugins/com.st.stm32cube.ide.mcu.externaltools.gnu-tools-for-stm32.12.3.rel1.linux64_1.0.200.202406132123/tools/bin/../lib/gcc/arm-none-eabi/12.3.1/thumb/v7-m/nofp/libgcc.a(_arm_fixsfsi.o)
 .ARM.attributes
                0x00000645       0x1d /home/syawxyz/st/stm32cubeide_1.16.0/plugins/com.st.stm32cube.ide.mcu.externaltools.gnu-tools-for-stm32.12.3.rel1.linux64_1.0.200.202406132123/tools/bin/../lib/gcc/arm-none-eabi/12.3.1/thumb/v7-m/nofp/crtn.o
OUTPUT(fork_boar_FAGV1.elf elf32-littlearm)
LOAD linker stubs
LOAD /home/syawxyz/st/stm32cubeide_1.16.0/plugins/com.st.stm32cube.ide.mcu.externaltools.gnu-tools-for-stm32.12.3.rel1.linux64_1.0.200.202406132123/tools/bin/../lib/gcc/arm-none-eabi/12.3.1/../../../../arm-none-eabi/lib/thumb/v7-m/nofp/libc.a
LOAD /home/syawxyz/st/stm32cubeide_1.16.0/plugins/com.st.stm32cube.ide.mcu.externaltools.gnu-tools-for-stm32.12.3.rel1.linux64_1.0.200.202406132123/tools/bin/../lib/gcc/arm-none-eabi/12.3.1/../../../../arm-none-eabi/lib/thumb/v7-m/nofp/libm.a
LOAD /home/syawxyz/st/stm32cubeide_1.16.0/plugins/com.st.stm32cube.ide.mcu.externaltools.gnu-tools-for-stm32.12.3.rel1.linux64_1.0.200.202406132123/tools/bin/../lib/gcc/arm-none-eabi/12.3.1/thumb/v7-m/nofp/libgcc.a

.debug_info     0x00000000     0xf152
 .debug_info    0x00000000      0x867 ./Core/Src/can.o
 .debug_info    0x00000867      0xbe8 ./Core/Src/can_handle.o
 .debug_info    0x0000144f      0x2cf ./Core/Src/dma.o
 .debug_info    0x0000171e      0x2d3 ./Core/Src/gpio.o
 .debug_info    0x000019f1      0xbfa ./Core/Src/main.o
 .debug_info    0x000025eb      0x1f1 ./Core/Src/stm32f1xx_hal_msp.o
 .debug_info    0x000027dc      0x73b ./Core/Src/stm32f1xx_it.o
 .debug_info    0x00002f17      0x168 ./Core/Src/sysmem.o
 .debug_info    0x0000307f      0x222 ./Core/Src/system_stm32f1xx.o
 .debug_info    0x000032a1      0xa87 ./Core/Src/tim.o
 .debug_info    0x00003d28      0x798 ./Core/Src/usart.o
 .debug_info    0x000044c0      0xa91 ./Core/Src/ws2812.o
 .debug_info    0x00004f51       0x30 ./Core/Startup/startup_stm32f103c8tx.o
 .debug_info    0x00004f81      0x704 ./Drivers/STM32F1xx_HAL_Driver/Src/stm32f1xx_hal.o
 .debug_info    0x00005685      0xf13 ./Drivers/STM32F1xx_HAL_Driver/Src/stm32f1xx_hal_can.o
 .debug_info    0x00006598      0xa87 ./Drivers/STM32F1xx_HAL_Driver/Src/stm32f1xx_hal_cortex.o
 .debug_info    0x0000701f      0x6d2 ./Drivers/STM32F1xx_HAL_Driver/Src/stm32f1xx_hal_dma.o
 .debug_info    0x000076f1      0x5ab ./Drivers/STM32F1xx_HAL_Driver/Src/stm32f1xx_hal_gpio.o
 .debug_info    0x00007c9c      0x7d5 ./Drivers/STM32F1xx_HAL_Driver/Src/stm32f1xx_hal_rcc.o
 .debug_info    0x00008471     0x2959 ./Drivers/STM32F1xx_HAL_Driver/Src/stm32f1xx_hal_tim.o
 .debug_info    0x0000adca     0x149b ./Drivers/STM32F1xx_HAL_Driver/Src/stm32f1xx_hal_tim_ex.o
 .debug_info    0x0000c265     0x2eed ./Drivers/STM32F1xx_HAL_Driver/Src/stm32f1xx_hal_uart.o

.debug_abbrev   0x00000000     0x2b18
 .debug_abbrev  0x00000000      0x232 ./Core/Src/can.o
 .debug_abbrev  0x00000232      0x323 ./Core/Src/can_handle.o
 .debug_abbrev  0x00000555       0xfc ./Core/Src/dma.o
 .debug_abbrev  0x00000651      0x13f ./Core/Src/gpio.o
 .debug_abbrev  0x00000790      0x2dc ./Core/Src/main.o
 .debug_abbrev  0x00000a6c       0xdb ./Core/Src/stm32f1xx_hal_msp.o
 .debug_abbrev  0x00000b47      0x1da ./Core/Src/stm32f1xx_it.o
 .debug_abbrev  0x00000d21       0xbc ./Core/Src/sysmem.o
 .debug_abbrev  0x00000ddd      0x13f ./Core/Src/system_stm32f1xx.o
 .debug_abbrev  0x00000f1c      0x229 ./Core/Src/tim.o
 .debug_abbrev  0x00001145      0x1e6 ./Core/Src/usart.o
 .debug_abbrev  0x0000132b      0x23b ./Core/Src/ws2812.o
 .debug_abbrev  0x00001566       0x24 ./Core/Startup/startup_stm32f103c8tx.o
 .debug_abbrev  0x0000158a      0x201 ./Drivers/STM32F1xx_HAL_Driver/Src/stm32f1xx_hal.o
 .debug_abbrev  0x0000178b      0x21c ./Drivers/STM32F1xx_HAL_Driver/Src/stm32f1xx_hal_can.o
 .debug_abbrev  0x000019a7      0x2f8 ./Drivers/STM32F1xx_HAL_Driver/Src/stm32f1xx_hal_cortex.o
 .debug_abbrev  0x00001c9f      0x20b ./Drivers/STM32F1xx_HAL_Driver/Src/stm32f1xx_hal_dma.o
 .debug_abbrev  0x00001eaa      0x1ca ./Drivers/STM32F1xx_HAL_Driver/Src/stm32f1xx_hal_gpio.o
 .debug_abbrev  0x00002074      0x2b3 ./Drivers/STM32F1xx_HAL_Driver/Src/stm32f1xx_hal_rcc.o
 .debug_abbrev  0x00002327      0x277 ./Drivers/STM32F1xx_HAL_Driver/Src/stm32f1xx_hal_tim.o
 .debug_abbrev  0x0000259e      0x282 ./Drivers/STM32F1xx_HAL_Driver/Src/stm32f1xx_hal_tim_ex.o
 .debug_abbrev  0x00002820      0x2f8 ./Drivers/STM32F1xx_HAL_Driver/Src/stm32f1xx_hal_uart.o

.debug_aranges  0x00000000      0xe88
 .debug_aranges
                0x00000000       0x30 ./Core/Src/can.o
 .debug_aranges
                0x00000030       0x70 ./Core/Src/can_handle.o
 .debug_aranges
                0x000000a0       0x20 ./Core/Src/dma.o
 .debug_aranges
                0x000000c0       0x20 ./Core/Src/gpio.o
 .debug_aranges
                0x000000e0       0x30 ./Core/Src/main.o
 .debug_aranges
                0x00000110       0x20 ./Core/Src/stm32f1xx_hal_msp.o
 .debug_aranges
                0x00000130       0x70 ./Core/Src/stm32f1xx_it.o
 .debug_aranges
                0x000001a0       0x20 ./Core/Src/sysmem.o
 .debug_aranges
                0x000001c0       0x28 ./Core/Src/system_stm32f1xx.o
 .debug_aranges
                0x000001e8       0x38 ./Core/Src/tim.o
 .debug_aranges
                0x00000220       0x30 ./Core/Src/usart.o
 .debug_aranges
                0x00000250       0x50 ./Core/Src/ws2812.o
 .debug_aranges
                0x000002a0       0x28 ./Core/Startup/startup_stm32f103c8tx.o
 .debug_aranges
                0x000002c8       0xe0 ./Drivers/STM32F1xx_HAL_Driver/Src/stm32f1xx_hal.o
 .debug_aranges
                0x000003a8      0x138 ./Drivers/STM32F1xx_HAL_Driver/Src/stm32f1xx_hal_can.o
 .debug_aranges
                0x000004e0      0x100 ./Drivers/STM32F1xx_HAL_Driver/Src/stm32f1xx_hal_cortex.o
 .debug_aranges
                0x000005e0       0x80 ./Drivers/STM32F1xx_HAL_Driver/Src/stm32f1xx_hal_dma.o
 .debug_aranges
                0x00000660       0x58 ./Drivers/STM32F1xx_HAL_Driver/Src/stm32f1xx_hal_gpio.o
 .debug_aranges
                0x000006b8       0x90 ./Drivers/STM32F1xx_HAL_Driver/Src/stm32f1xx_hal_rcc.o
 .debug_aranges
                0x00000748      0x3d0 ./Drivers/STM32F1xx_HAL_Driver/Src/stm32f1xx_hal_tim.o
 .debug_aranges
                0x00000b18      0x168 ./Drivers/STM32F1xx_HAL_Driver/Src/stm32f1xx_hal_tim_ex.o
 .debug_aranges
                0x00000c80      0x208 ./Drivers/STM32F1xx_HAL_Driver/Src/stm32f1xx_hal_uart.o

.debug_rnglists
                0x00000000      0xb35
 .debug_rnglists
                0x00000000       0x20 ./Core/Src/can.o
 .debug_rnglists
                0x00000020       0x50 ./Core/Src/can_handle.o
 .debug_rnglists
                0x00000070       0x13 ./Core/Src/dma.o
 .debug_rnglists
                0x00000083       0x14 ./Core/Src/gpio.o
 .debug_rnglists
                0x00000097       0x21 ./Core/Src/main.o
 .debug_rnglists
                0x000000b8       0x13 ./Core/Src/stm32f1xx_hal_msp.o
 .debug_rnglists
                0x000000cb       0x4f ./Core/Src/stm32f1xx_it.o
 .debug_rnglists
                0x0000011a       0x13 ./Core/Src/sysmem.o
 .debug_rnglists
                0x0000012d       0x1a ./Core/Src/system_stm32f1xx.o
 .debug_rnglists
                0x00000147       0x27 ./Core/Src/tim.o
 .debug_rnglists
                0x0000016e       0x20 ./Core/Src/usart.o
 .debug_rnglists
                0x0000018e       0x39 ./Core/Src/ws2812.o
 .debug_rnglists
                0x000001c7       0x19 ./Core/Startup/startup_stm32f103c8tx.o
 .debug_rnglists
                0x000001e0       0xa3 ./Drivers/STM32F1xx_HAL_Driver/Src/stm32f1xx_hal.o
 .debug_rnglists
                0x00000283       0xed ./Drivers/STM32F1xx_HAL_Driver/Src/stm32f1xx_hal_can.o
 .debug_rnglists
                0x00000370       0xbb ./Drivers/STM32F1xx_HAL_Driver/Src/stm32f1xx_hal_cortex.o
 .debug_rnglists
                0x0000042b       0x64 ./Drivers/STM32F1xx_HAL_Driver/Src/stm32f1xx_hal_dma.o
 .debug_rnglists
                0x0000048f       0x3f ./Drivers/STM32F1xx_HAL_Driver/Src/stm32f1xx_hal_gpio.o
 .debug_rnglists
                0x000004ce       0x6c ./Drivers/STM32F1xx_HAL_Driver/Src/stm32f1xx_hal_rcc.o
 .debug_rnglists
                0x0000053a      0x31a ./Drivers/STM32F1xx_HAL_Driver/Src/stm32f1xx_hal_tim.o
 .debug_rnglists
                0x00000854      0x125 ./Drivers/STM32F1xx_HAL_Driver/Src/stm32f1xx_hal_tim_ex.o
 .debug_rnglists
                0x00000979      0x1bc ./Drivers/STM32F1xx_HAL_Driver/Src/stm32f1xx_hal_uart.o

.debug_macro    0x00000000    0x18f3f
 .debug_macro   0x00000000      0x1c1 ./Core/Src/can.o
 .debug_macro   0x000001c1      0xaa8 ./Core/Src/can.o
 .debug_macro   0x00000c69      0x227 ./Core/Src/can.o
 .debug_macro   0x00000e90       0x2e ./Core/Src/can.o
 .debug_macro   0x00000ebe       0x22 ./Core/Src/can.o
 .debug_macro   0x00000ee0       0x22 ./Core/Src/can.o
 .debug_macro   0x00000f02       0x8e ./Core/Src/can.o
 .debug_macro   0x00000f90       0x51 ./Core/Src/can.o
 .debug_macro   0x00000fe1      0x103 ./Core/Src/can.o
 .debug_macro   0x000010e4       0x6a ./Core/Src/can.o
 .debug_macro   0x0000114e      0x1df ./Core/Src/can.o
 .debug_macro   0x0000132d       0x1c ./Core/Src/can.o
 .debug_macro   0x00001349       0x22 ./Core/Src/can.o
 .debug_macro   0x0000136b       0xbd ./Core/Src/can.o
 .debug_macro   0x00001428      0xd23 ./Core/Src/can.o
 .debug_macro   0x0000214b     0xe09e ./Core/Src/can.o
 .debug_macro   0x000101e9       0x6d ./Core/Src/can.o
 .debug_macro   0x00010256     0x34a2 ./Core/Src/can.o
 .debug_macro   0x000136f8      0x189 ./Core/Src/can.o
 .debug_macro   0x00013881       0x5c ./Core/Src/can.o
 .debug_macro   0x000138dd      0x5bc ./Core/Src/can.o
 .debug_macro   0x00013e99      0x289 ./Core/Src/can.o
 .debug_macro   0x00014122      0x1cb ./Core/Src/can.o
 .debug_macro   0x000142ed      0x114 ./Core/Src/can.o
 .debug_macro   0x00014401      0x1b2 ./Core/Src/can.o
 .debug_macro   0x000145b3       0x27 ./Core/Src/can.o
 .debug_macro   0x000145da      0x136 ./Core/Src/can.o
 .debug_macro   0x00014710      0x1bc ./Core/Src/can.o
 .debug_macro   0x000148cc       0x34 ./Core/Src/can.o
 .debug_macro   0x00014900       0x3c ./Core/Src/can.o
 .debug_macro   0x0001493c      0x408 ./Core/Src/can.o
 .debug_macro   0x00014d44       0x57 ./Core/Src/can.o
 .debug_macro   0x00014d9b       0x87 ./Core/Src/can.o
 .debug_macro   0x00014e22      0x240 ./Core/Src/can.o
 .debug_macro   0x00015062      0x140 ./Core/Src/can.o
 .debug_macro   0x000151a2      0x8ed ./Core/Src/can.o
 .debug_macro   0x00015a8f      0x28e ./Core/Src/can.o
 .debug_macro   0x00015d1d       0x83 ./Core/Src/can.o
 .debug_macro   0x00015da0      0x29e ./Core/Src/can_handle.o
 .debug_macro   0x0001603e       0x3a ./Core/Src/can_handle.o
 .debug_macro   0x00016078       0x61 ./Core/Src/can_handle.o
 .debug_macro   0x000160d9       0x24 ./Core/Src/can_handle.o
 .debug_macro   0x000160fd       0x43 ./Core/Src/can_handle.o
 .debug_macro   0x00016140       0x34 ./Core/Src/can_handle.o
 .debug_macro   0x00016174       0x16 ./Core/Src/can_handle.o
 .debug_macro   0x0001618a       0x43 ./Core/Src/can_handle.o
 .debug_macro   0x000161cd       0x34 ./Core/Src/can_handle.o
 .debug_macro   0x00016201       0x10 ./Core/Src/can_handle.o
 .debug_macro   0x00016211       0x58 ./Core/Src/can_handle.o
 .debug_macro   0x00016269       0x8e ./Core/Src/can_handle.o
 .debug_macro   0x000162f7       0x1c ./Core/Src/can_handle.o
 .debug_macro   0x00016313      0x177 ./Core/Src/can_handle.o
 .debug_macro   0x0001648a      0x369 ./Core/Src/can_handle.o
 .debug_macro   0x000167f3       0x10 ./Core/Src/can_handle.o
 .debug_macro   0x00016803       0x35 ./Core/Src/can_handle.o
 .debug_macro   0x00016838       0x20 ./Core/Src/can_handle.o
 .debug_macro   0x00016858      0x1c1 ./Core/Src/dma.o
 .debug_macro   0x00016a19      0x1c1 ./Core/Src/gpio.o
 .debug_macro   0x00016bda      0x209 ./Core/Src/main.o
 .debug_macro   0x00016de3       0x34 ./Core/Src/main.o
 .debug_macro   0x00016e17       0x40 ./Core/Src/main.o
 .debug_macro   0x00016e57      0x1b7 ./Core/Src/stm32f1xx_hal_msp.o
 .debug_macro   0x0001700e      0x1c1 ./Core/Src/stm32f1xx_it.o
 .debug_macro   0x000171cf       0xff ./Core/Src/sysmem.o
 .debug_macro   0x000172ce      0x23c ./Core/Src/sysmem.o
 .debug_macro   0x0001750a      0x1ad ./Core/Src/system_stm32f1xx.o
 .debug_macro   0x000176b7      0x1c1 ./Core/Src/tim.o
 .debug_macro   0x00017878      0x1c1 ./Core/Src/usart.o
 .debug_macro   0x00017a39      0x2d3 ./Core/Src/ws2812.o
 .debug_macro   0x00017d0c      0x11c ./Core/Src/ws2812.o
 .debug_macro   0x00017e28       0x94 ./Core/Src/ws2812.o
 .debug_macro   0x00017ebc       0x16 ./Core/Src/ws2812.o
 .debug_macro   0x00017ed2       0x22 ./Core/Src/ws2812.o
 .debug_macro   0x00017ef4       0x56 ./Core/Src/ws2812.o
 .debug_macro   0x00017f4a       0x2e ./Core/Src/ws2812.o
 .debug_macro   0x00017f78      0x1d1 ./Drivers/STM32F1xx_HAL_Driver/Src/stm32f1xx_hal.o
 .debug_macro   0x00018149      0x1bc ./Drivers/STM32F1xx_HAL_Driver/Src/stm32f1xx_hal_can.o
 .debug_macro   0x00018305      0x1ad ./Drivers/STM32F1xx_HAL_Driver/Src/stm32f1xx_hal_cortex.o
 .debug_macro   0x000184b2      0x1ad ./Drivers/STM32F1xx_HAL_Driver/Src/stm32f1xx_hal_dma.o
 .debug_macro   0x0001865f      0x218 ./Drivers/STM32F1xx_HAL_Driver/Src/stm32f1xx_hal_gpio.o
 .debug_macro   0x00018877      0x1bf ./Drivers/STM32F1xx_HAL_Driver/Src/stm32f1xx_hal_rcc.o
 .debug_macro   0x00018a36      0x1ae ./Drivers/STM32F1xx_HAL_Driver/Src/stm32f1xx_hal_tim.o
 .debug_macro   0x00018be4      0x1ad ./Drivers/STM32F1xx_HAL_Driver/Src/stm32f1xx_hal_tim_ex.o
 .debug_macro   0x00018d91      0x1ae ./Drivers/STM32F1xx_HAL_Driver/Src/stm32f1xx_hal_uart.o

.debug_line     0x00000000    0x1184d
 .debug_line    0x00000000      0x6fb ./Core/Src/can.o
 .debug_line    0x000006fb      0xa3b ./Core/Src/can_handle.o
 .debug_line    0x00001136      0x680 ./Core/Src/dma.o
 .debug_line    0x000017b6      0x6a8 ./Core/Src/gpio.o
 .debug_line    0x00001e5e      0x784 ./Core/Src/main.o
 .debug_line    0x000025e2      0x686 ./Core/Src/stm32f1xx_hal_msp.o
 .debug_line    0x00002c68      0x777 ./Core/Src/stm32f1xx_it.o
 .debug_line    0x000033df      0x4e5 ./Core/Src/sysmem.o
 .debug_line    0x000038c4      0x703 ./Core/Src/system_stm32f1xx.o
 .debug_line    0x00003fc7      0x774 ./Core/Src/tim.o
 .debug_line    0x0000473b      0x6f4 ./Core/Src/usart.o
 .debug_line    0x00004e2f      0xada ./Core/Src/ws2812.o
 .debug_line    0x00005909       0x78 ./Core/Startup/startup_stm32f103c8tx.o
 .debug_line    0x00005981      0x930 ./Drivers/STM32F1xx_HAL_Driver/Src/stm32f1xx_hal.o
 .debug_line    0x000062b1     0x1112 ./Drivers/STM32F1xx_HAL_Driver/Src/stm32f1xx_hal_can.o
 .debug_line    0x000073c3      0xb1c ./Drivers/STM32F1xx_HAL_Driver/Src/stm32f1xx_hal_cortex.o
 .debug_line    0x00007edf      0xd89 ./Drivers/STM32F1xx_HAL_Driver/Src/stm32f1xx_hal_dma.o
 .debug_line    0x00008c68      0x9c9 ./Drivers/STM32F1xx_HAL_Driver/Src/stm32f1xx_hal_gpio.o
 .debug_line    0x00009631      0xd39 ./Drivers/STM32F1xx_HAL_Driver/Src/stm32f1xx_hal_rcc.o
 .debug_line    0x0000a36a     0x3455 ./Drivers/STM32F1xx_HAL_Driver/Src/stm32f1xx_hal_tim.o
 .debug_line    0x0000d7bf     0x187f ./Drivers/STM32F1xx_HAL_Driver/Src/stm32f1xx_hal_tim_ex.o
 .debug_line    0x0000f03e     0x280f ./Drivers/STM32F1xx_HAL_Driver/Src/stm32f1xx_hal_uart.o

.debug_str      0x00000000    0x8cedb
 .debug_str     0x00000000    0x85b10 ./Core/Src/can.o
                              0x85ee7 (size before relaxing)
 .debug_str     0x00085b10     0x35ab ./Core/Src/can_handle.o
                              0x890d0 (size before relaxing)
 .debug_str     0x000890bb       0x29 ./Core/Src/dma.o
                              0x85b54 (size before relaxing)
 .debug_str     0x000890e4       0x68 ./Core/Src/gpio.o
                              0x858f6 (size before relaxing)
 .debug_str     0x0008914c      0x7ae ./Core/Src/main.o
                              0x86295 (size before relaxing)
 .debug_str     0x000898fa       0x50 ./Core/Src/stm32f1xx_hal_msp.o
                              0x8587e (size before relaxing)
 .debug_str     0x0008994a      0x116 ./Core/Src/stm32f1xx_it.o
                              0x85d4e (size before relaxing)
 .debug_str     0x00089a60      0x4dc ./Core/Src/sysmem.o
                               0x607b (size before relaxing)
 .debug_str     0x00089f3c       0x7e ./Core/Src/system_stm32f1xx.o
                              0x858a9 (size before relaxing)
 .debug_str     0x00089fba      0x236 ./Core/Src/tim.o
                              0x85fee (size before relaxing)
 .debug_str     0x0008a1f0      0x236 ./Core/Src/usart.o
                              0x85d3e (size before relaxing)
 .debug_str     0x0008a426      0x1f1 ./Core/Src/ws2812.o
                              0x891b3 (size before relaxing)
 .debug_str     0x0008a617       0x44 ./Core/Startup/startup_stm32f103c8tx.o
                                 0x86 (size before relaxing)
 .debug_str     0x0008a65b      0x378 ./Drivers/STM32F1xx_HAL_Driver/Src/stm32f1xx_hal.o
                              0x85fdc (size before relaxing)
 .debug_str     0x0008a9d3      0x3ce ./Drivers/STM32F1xx_HAL_Driver/Src/stm32f1xx_hal_can.o
                              0x860b1 (size before relaxing)
 .debug_str     0x0008ada1      0x262 ./Drivers/STM32F1xx_HAL_Driver/Src/stm32f1xx_hal_cortex.o
                              0x85f28 (size before relaxing)
 .debug_str     0x0008b003      0x206 ./Drivers/STM32F1xx_HAL_Driver/Src/stm32f1xx_hal_dma.o
                              0x85c52 (size before relaxing)
 .debug_str     0x0008b209      0x2ce ./Drivers/STM32F1xx_HAL_Driver/Src/stm32f1xx_hal_gpio.o
                              0x85c2f (size before relaxing)
 .debug_str     0x0008b4d7      0x229 ./Drivers/STM32F1xx_HAL_Driver/Src/stm32f1xx_hal_rcc.o
                              0x85cd8 (size before relaxing)
 .debug_str     0x0008b700      0xde4 ./Drivers/STM32F1xx_HAL_Driver/Src/stm32f1xx_hal_tim.o
                              0x86cda (size before relaxing)
 .debug_str     0x0008c4e4      0x3e1 ./Drivers/STM32F1xx_HAL_Driver/Src/stm32f1xx_hal_tim_ex.o
                              0x864e6 (size before relaxing)
 .debug_str     0x0008c8c5      0x616 ./Drivers/STM32F1xx_HAL_Driver/Src/stm32f1xx_hal_uart.o
                              0x86349 (size before relaxing)

.comment        0x00000000       0x43
 .comment       0x00000000       0x43 ./Core/Src/can.o
                                 0x44 (size before relaxing)
 .comment       0x00000043       0x44 ./Core/Src/can_handle.o
 .comment       0x00000043       0x44 ./Core/Src/dma.o
 .comment       0x00000043       0x44 ./Core/Src/gpio.o
 .comment       0x00000043       0x44 ./Core/Src/main.o
 .comment       0x00000043       0x44 ./Core/Src/stm32f1xx_hal_msp.o
 .comment       0x00000043       0x44 ./Core/Src/stm32f1xx_it.o
 .comment       0x00000043       0x44 ./Core/Src/sysmem.o
 .comment       0x00000043       0x44 ./Core/Src/system_stm32f1xx.o
 .comment       0x00000043       0x44 ./Core/Src/tim.o
 .comment       0x00000043       0x44 ./Core/Src/usart.o
 .comment       0x00000043       0x44 ./Core/Src/ws2812.o
 .comment       0x00000043       0x44 ./Drivers/STM32F1xx_HAL_Driver/Src/stm32f1xx_hal.o
 .comment       0x00000043       0x44 ./Drivers/STM32F1xx_HAL_Driver/Src/stm32f1xx_hal_can.o
 .comment       0x00000043       0x44 ./Drivers/STM32F1xx_HAL_Driver/Src/stm32f1xx_hal_cortex.o
 .comment       0x00000043       0x44 ./Drivers/STM32F1xx_HAL_Driver/Src/stm32f1xx_hal_dma.o
 .comment       0x00000043       0x44 ./Drivers/STM32F1xx_HAL_Driver/Src/stm32f1xx_hal_gpio.o
 .comment       0x00000043       0x44 ./Drivers/STM32F1xx_HAL_Driver/Src/stm32f1xx_hal_rcc.o
 .comment       0x00000043       0x44 ./Drivers/STM32F1xx_HAL_Driver/Src/stm32f1xx_hal_tim.o
 .comment       0x00000043       0x44 ./Drivers/STM32F1xx_HAL_Driver/Src/stm32f1xx_hal_tim_ex.o
 .comment       0x00000043       0x44 ./Drivers/STM32F1xx_HAL_Driver/Src/stm32f1xx_hal_uart.o

.debug_frame    0x00000000     0x3f14
 .debug_frame   0x00000000       0x74 ./Core/Src/can.o
 .debug_frame   0x00000074      0x1a4 ./Core/Src/can_handle.o
 .debug_frame   0x00000218       0x34 ./Core/Src/dma.o
 .debug_frame   0x0000024c       0x34 ./Core/Src/gpio.o
 .debug_frame   0x00000280       0x6c ./Core/Src/main.o
 .debug_frame   0x000002ec       0x38 ./Core/Src/stm32f1xx_hal_msp.o
 .debug_frame   0x00000324      0x13c ./Core/Src/stm32f1xx_it.o
 .debug_frame   0x00000460       0x34 ./Core/Src/sysmem.o
 .debug_frame   0x00000494       0x58 ./Core/Src/system_stm32f1xx.o
 .debug_frame   0x000004ec       0xa0 ./Core/Src/tim.o
 .debug_frame   0x0000058c       0x74 ./Core/Src/usart.o
 .debug_frame   0x00000600      0x118 ./Core/Src/ws2812.o
 .debug_frame   0x00000718      0x334 ./Drivers/STM32F1xx_HAL_Driver/Src/stm32f1xx_hal.o
 .debug_frame   0x00000a4c      0x5a0 ./Drivers/STM32F1xx_HAL_Driver/Src/stm32f1xx_hal_can.o
 .debug_frame   0x00000fec      0x428 ./Drivers/STM32F1xx_HAL_Driver/Src/stm32f1xx_hal_cortex.o
 .debug_frame   0x00001414      0x208 ./Drivers/STM32F1xx_HAL_Driver/Src/stm32f1xx_hal_dma.o
 .debug_frame   0x0000161c      0x14c ./Drivers/STM32F1xx_HAL_Driver/Src/stm32f1xx_hal_gpio.o
 .debug_frame   0x00001768      0x218 ./Drivers/STM32F1xx_HAL_Driver/Src/stm32f1xx_hal_rcc.o
 .debug_frame   0x00001980     0x11b8 ./Drivers/STM32F1xx_HAL_Driver/Src/stm32f1xx_hal_tim.o
 .debug_frame   0x00002b38      0x638 ./Drivers/STM32F1xx_HAL_Driver/Src/stm32f1xx_hal_tim_ex.o
 .debug_frame   0x00003170      0x944 ./Drivers/STM32F1xx_HAL_Driver/Src/stm32f1xx_hal_uart.o
 .debug_frame   0x00003ab4       0x30 /home/syawxyz/st/stm32cubeide_1.16.0/plugins/com.st.stm32cube.ide.mcu.externaltools.gnu-tools-for-stm32.12.3.rel1.linux64_1.0.200.202406132123/tools/bin/../lib/gcc/arm-none-eabi/12.3.1/../../../../arm-none-eabi/lib/thumb/v7-m/nofp/libc_nano.a(libc_a-malloc.o)
 .debug_frame   0x00003ae4       0x50 /home/syawxyz/st/stm32cubeide_1.16.0/plugins/com.st.stm32cube.ide.mcu.externaltools.gnu-tools-for-stm32.12.3.rel1.linux64_1.0.200.202406132123/tools/bin/../lib/gcc/arm-none-eabi/12.3.1/../../../../arm-none-eabi/lib/thumb/v7-m/nofp/libc_nano.a(libc_a-mallocr.o)
 .debug_frame   0x00003b34       0x30 /home/syawxyz/st/stm32cubeide_1.16.0/plugins/com.st.stm32cube.ide.mcu.externaltools.gnu-tools-for-stm32.12.3.rel1.linux64_1.0.200.202406132123/tools/bin/../lib/gcc/arm-none-eabi/12.3.1/../../../../arm-none-eabi/lib/thumb/v7-m/nofp/libc_nano.a(libc_a-mlock.o)
 .debug_frame   0x00003b64      0x144 /home/syawxyz/st/stm32cubeide_1.16.0/plugins/com.st.stm32cube.ide.mcu.externaltools.gnu-tools-for-stm32.12.3.rel1.linux64_1.0.200.202406132123/tools/bin/../lib/gcc/arm-none-eabi/12.3.1/../../../../arm-none-eabi/lib/thumb/v7-m/nofp/libc_nano.a(libc_a-findfp.o)
 .debug_frame   0x00003ca8       0x20 /home/syawxyz/st/stm32cubeide_1.16.0/plugins/com.st.stm32cube.ide.mcu.externaltools.gnu-tools-for-stm32.12.3.rel1.linux64_1.0.200.202406132123/tools/bin/../lib/gcc/arm-none-eabi/12.3.1/../../../../arm-none-eabi/lib/thumb/v7-m/nofp/libc_nano.a(libc_a-memset.o)
 .debug_frame   0x00003cc8       0x38 /home/syawxyz/st/stm32cubeide_1.16.0/plugins/com.st.stm32cube.ide.mcu.externaltools.gnu-tools-for-stm32.12.3.rel1.linux64_1.0.200.202406132123/tools/bin/../lib/gcc/arm-none-eabi/12.3.1/../../../../arm-none-eabi/lib/thumb/v7-m/nofp/libc_nano.a(libc_a-reent.o)
 .debug_frame   0x00003d00       0x2c /home/syawxyz/st/stm32cubeide_1.16.0/plugins/com.st.stm32cube.ide.mcu.externaltools.gnu-tools-for-stm32.12.3.rel1.linux64_1.0.200.202406132123/tools/bin/../lib/gcc/arm-none-eabi/12.3.1/../../../../arm-none-eabi/lib/thumb/v7-m/nofp/libc_nano.a(libc_a-sbrkr.o)
 .debug_frame   0x00003d2c       0x20 /home/syawxyz/st/stm32cubeide_1.16.0/plugins/com.st.stm32cube.ide.mcu.externaltools.gnu-tools-for-stm32.12.3.rel1.linux64_1.0.200.202406132123/tools/bin/../lib/gcc/arm-none-eabi/12.3.1/../../../../arm-none-eabi/lib/thumb/v7-m/nofp/libc_nano.a(libc_a-errno.o)
 .debug_frame   0x00003d4c       0x2c /home/syawxyz/st/stm32cubeide_1.16.0/plugins/com.st.stm32cube.ide.mcu.externaltools.gnu-tools-for-stm32.12.3.rel1.linux64_1.0.200.202406132123/tools/bin/../lib/gcc/arm-none-eabi/12.3.1/../../../../arm-none-eabi/lib/thumb/v7-m/nofp/libc_nano.a(libc_a-init.o)
 .debug_frame   0x00003d78       0xb0 /home/syawxyz/st/stm32cubeide_1.16.0/plugins/com.st.stm32cube.ide.mcu.externaltools.gnu-tools-for-stm32.12.3.rel1.linux64_1.0.200.202406132123/tools/bin/../lib/gcc/arm-none-eabi/12.3.1/../../../../arm-none-eabi/lib/thumb/v7-m/nofp/libc_nano.a(libc_a-lock.o)
 .debug_frame   0x00003e28       0xc8 /home/syawxyz/st/stm32cubeide_1.16.0/plugins/com.st.stm32cube.ide.mcu.externaltools.gnu-tools-for-stm32.12.3.rel1.linux64_1.0.200.202406132123/tools/bin/../lib/gcc/arm-none-eabi/12.3.1/thumb/v7-m/nofp/libgcc.a(_arm_cmpsf2.o)
 .debug_frame   0x00003ef0       0x24 /home/syawxyz/st/stm32cubeide_1.16.0/plugins/com.st.stm32cube.ide.mcu.externaltools.gnu-tools-for-stm32.12.3.rel1.linux64_1.0.200.202406132123/tools/bin/../lib/gcc/arm-none-eabi/12.3.1/thumb/v7-m/nofp/libgcc.a(_arm_fixsfsi.o)

.debug_line_str
                0x00000000       0x6a
 .debug_line_str
                0x00000000       0x6a ./Core/Startup/startup_stm32f103c8tx.o
