../Core/Src/can_handle.c:37:13:put_i16	16	static
../Core/Src/can_handle.c:44:13:put_i32	24	static
../Core/Src/can_handle.c:54:16:f_to_i16_sat	16	static
../Core/Src/can_handle.c:73:19:can_handle_init	56	static
../Core/Src/can_handle.c:105:6:HAL_CAN_RxFifo0MsgPendingCallback	56	static
../Core/Src/can_handle.c:125:9:can_handle_cmd_vel_timed_out	16	static
../Core/Src/can_handle.c:132:6:can_handle_get_command	40	static,ignoring_inline_asm
../Core/Src/can_handle.c:152:13:tx_frame	56	static
../Core/Src/can_handle.c:176:13:update_error_stats	16	static
../Core/Src/can_handle.c:184:6:can_handle_send_telemetry	24	static
../Core/Src/can_handle.c:195:17:can_handle_stats	8	static
